ppsearch.exe bits=2 maxbits=20000 loop

x^2 + x + 1
x^3 + x + 1
x^4 + x + 1
x^5 + x^2 + 1
x^6 + x + 1
x^7 + x + 1
x^8 + x^4 + x^3 + x^2 + 1
x^9 + x^4 + 1
x^10 + x^3 + 1
x^11 + x^2 + 1
x^12 + x^6 + x^4 + x + 1
x^13 + x^4 + x^3 + x + 1
x^14 + x^5 + x^3 + x + 1
x^15 + x + 1
x^16 + x^5 + x^3 + x^2 + 1
x^17 + x^3 + 1
x^18 + x^5 + x^2 + x + 1
x^19 + x^5 + x^2 + x + 1
x^20 + x^3 + 1
x^21 + x^2 + 1
x^22 + x + 1
x^23 + x^5 + 1
x^24 + x^4 + x^3 + x + 1
x^25 + x^3 + 1
x^26 + x^6 + x^2 + x + 1
x^27 + x^5 + x^2 + x + 1
x^28 + x^3 + 1
x^29 + x^2 + 1
x^30 + x^6 + x^4 + x + 1
x^31 + x^3 + 1
x^32 + x^7 + x^5 + x^3 + x^2 + x + 1
x^33 + x^6 + x^4 + x + 1
x^34 + x^7 + x^6 + x^5 + x^2 + x + 1
x^35 + x^2 + 1
x^36 + x^6 + x^5 + x^4 + x^2 + x + 1
x^37 + x^5 + x^4 + x^3 + x^2 + x + 1
x^38 + x^6 + x^5 + x + 1
x^39 + x^4 + 1
x^40 + x^5 + x^4 + x^3 + 1
x^41 + x^3 + 1
x^42 + x^5 + x^4 + x^3 + x^2 + x + 1
x^43 + x^6 + x^4 + x^3 + 1
x^44 + x^6 + x^5 + x^2 + 1
x^45 + x^4 + x^3 + x + 1
x^46 + x^8 + x^5 + x^3 + x^2 + x + 1
x^47 + x^5 + 1
x^48 + x^7 + x^5 + x^4 + x^2 + x + 1
x^49 + x^6 + x^5 + x^4 + 1
x^50 + x^4 + x^3 + x^2 + 1
x^51 + x^6 + x^3 + x + 1
x^52 + x^3 + 1
x^53 + x^6 + x^2 + x + 1
x^54 + x^6 + x^5 + x^4 + x^3 + x^2 + 1
x^55 + x^6 + x^2 + x + 1
x^56 + x^7 + x^4 + x^2 + 1
x^57 + x^5 + x^3 + x^2 + 1
x^58 + x^6 + x^5 + x + 1
x^59 + x^6 + x^5 + x^4 + x^3 + x + 1
x^60 + x + 1
x^61 + x^5 + x^2 + x + 1
x^62 + x^6 + x^5 + x^3 + 1
x^63 + x + 1
x^64 + x^4 + x^3 + x + 1
x^65 + x^4 + x^3 + x + 1
x^66 + x^8 + x^6 + x^5 + x^3 + x^2 + 1
x^67 + x^5 + x^2 + x + 1
x^68 + x^7 + x^5 + x + 1
x^69 + x^6 + x^5 + x^2 + 1
x^70 + x^5 + x^3 + x + 1
x^71 + x^5 + x^3 + x + 1
x^72 + x^6 + x^4 + x^3 + x^2 + x + 1
x^73 + x^4 + x^3 + x^2 + 1
x^74 + x^7 + x^4 + x^3 + 1
x^75 + x^6 + x^3 + x + 1
x^76 + x^5 + x^4 + x^2 + 1
x^77 + x^6 + x^5 + x^2 + 1
x^78 + x^7 + x^2 + x + 1
x^79 + x^4 + x^3 + x^2 + 1
x^80 + x^7 + x^5 + x^3 + x^2 + x + 1
x^81 + x^4 + 1
x^82 + x^8 + x^7 + x^6 + x^4 + x + 1
x^83 + x^7 + x^4 + x^2 + 1
x^84 + x^8 + x^7 + x^5 + x^3 + x + 1
x^85 + x^8 + x^2 + x + 1
x^86 + x^6 + x^5 + x^2 + 1
x^87 + x^7 + x^5 + x + 1
x^88 + x^8 + x^5 + x^4 + x^3 + x + 1
x^89 + x^6 + x^5 + x^3 + 1
x^90 + x^5 + x^3 + x^2 + 1
x^91 + x^7 + x^6 + x^5 + x^3 + x^2 + 1
x^92 + x^6 + x^5 + x^2 + 1
x^93 + x^2 + 1
x^94 + x^6 + x^5 + x + 1
x^95 + x^6 + x^5 + x^4 + x^2 + x + 1
x^96 + x^7 + x^6 + x^4 + x^3 + x^2 + 1
x^97 + x^6 + 1
x^98 + x^7 + x^4 + x^3 + x^2 + x + 1
x^99 + x^7 + x^5 + x^4 + 1
x^100 + x^8 + x^7 + x^2 + 1
x^101 + x^7 + x^6 + x + 1
x^102 + x^6 + x^5 + x^3 + 1
x^103 + x^7 + x^5 + x^4 + x^3 + x^2 + 1
x^104 + x^9 + x^8 + x^6 + x^5 + x^4 + x^3 + x^2 + 1
x^105 + x^6 + x^5 + x^4 + x^2 + x + 1
x^106 + x^6 + x^5 + x + 1
x^107 + x^7 + x^5 + x^3 + x^2 + x + 1
x^108 + x^10 + x^9 + x^7 + x^6 + x^5 + x^4 + x^3 + x^2 + x + 1
x^109 + x^5 + x^4 + x^2 + 1
x^110 + x^6 + x^4 + x + 1
x^111 + x^7 + x^4 + x^2 + 1
x^112 + x^8 + x^6 + x^3 + x^2 + x + 1
x^113 + x^5 + x^3 + x^2 + 1
x^114 + x^8 + x^7 + x^6 + x^3 + x^2 + 1
x^115 + x^7 + x^5 + x^3 + x^2 + x + 1
x^116 + x^6 + x^5 + x^2 + 1
x^117 + x^5 + x^2 + x + 1
x^118 + x^6 + x^5 + x^2 + 1
x^119 + x^8 + 1
x^120 + x^7 + x^6 + x^5 + x^2 + x + 1
x^121 + x^8 + x^5 + x + 1
x^122 + x^6 + x^2 + x + 1
x^123 + x^2 + 1
x^124 + x^7 + x^6 + x^5 + 1
x^125 + x^7 + x^5 + x^3 + x^2 + x + 1
x^126 + x^7 + x^4 + x^2 + 1
x^127 + x + 1
x^128 + x^7 + x^2 + x + 1
x^129 + x^5 + 1
x^130 + x^3 + 1
x^131 + x^7 + x^6 + x^5 + x^4 + x + 1
x^132 + x^6 + x^5 + x^4 + x^3 + x^2 + 1
x^133 + x^6 + x^5 + x^3 + x^2 + x + 1
x^134 + x^7 + x^5 + x + 1
x^135 + x^6 + x^4 + x^3 + 1
x^136 + x^8 + x^3 + x^2 + 1
x^137 + x^8 + x^5 + x^4 + x^3 + x^2 + 1
x^138 + x^8 + x^6 + x^5 + x^3 + x^2 + 1
x^139 + x^7 + x^5 + x^3 + x^2 + x + 1
x^140 + x^8 + x^4 + x + 1
x^141 + x^8 + x^7 + x^5 + x^3 + x + 1
x^142 + x^7 + x^6 + x^5 + x^4 + x + 1
x^143 + x^5 + x^3 + x^2 + 1
x^144 + x^7 + x^4 + x^2 + 1
x^145 + x^6 + x^5 + x + 1
x^146 + x^5 + x^3 + x^2 + 1
x^147 + x^5 + x^4 + x^3 + x^2 + x + 1
x^148 + x^7 + x^5 + x^3 + 1
x^149 + x^9 + x^7 + x^6 + x^5 + x^4 + x^3 + x + 1
x^150 + x^7 + x^5 + x^4 + x^2 + x + 1
x^151 + x^3 + 1
x^152 + x^6 + x^3 + x^2 + 1
x^153 + x + 1
x^154 + x^7 + x^6 + x^5 + x^3 + x^2 + 1
x^155 + x^7 + x^5 + x^4 + 1
x^156 + x^9 + x^5 + x^3 + 1
x^157 + x^6 + x^5 + x^2 + 1
x^158 + x^8 + x^5 + x^4 + x^2 + x + 1
x^159 + x^6 + x^5 + x^4 + x^3 + x + 1
x^160 + x^5 + x^3 + x^2 + 1
x^161 + x^6 + x^3 + x^2 + 1
x^162 + x^8 + x^7 + x^4 + 1
x^163 + x^7 + x^6 + x^3 + 1
x^164 + x^8 + x^7 + x^6 + x^5 + x^3 + x^2 + x + 1
x^165 + x^9 + x^6 + x^4 + x^3 + x + 1
x^166 + x^10 + x^3 + x^2 + 1
x^167 + x^6 + 1
x^168 + x^8 + x^7 + x^5 + x^4 + x^2 + 1
x^169 + x^8 + x^6 + x^5 + 1
x^170 + x^8 + x^7 + x^3 + x^2 + x + 1
x^171 + x^5 + x^4 + x^3 + x^2 + x + 1
x^172 + x^7 + 1
x^173 + x^8 + x^5 + x^2 + 1
x^174 + x^6 + x^5 + x^4 + x^3 + x^2 + 1
x^175 + x^6 + 1
x^176 + x^7 + x^5 + x^4 + x^3 + x^2 + 1
x^177 + x^5 + x^3 + x^2 + 1
x^178 + x^8 + x^7 + x^2 + 1
x^179 + x^4 + x^2 + x + 1
x^180 + x^8 + x^6 + x^5 + x^3 + x^2 + 1
x^181 + x^7 + x^6 + x + 1
x^182 + x^8 + x^6 + x + 1
x^183 + x^8 + x^7 + x^4 + 1
x^184 + x^8 + x^6 + x^4 + x^3 + x^2 + 1
x^185 + x^8 + x^3 + x + 1
x^186 + x^8 + x^7 + x^4 + x^3 + x^2 + 1
x^187 + x^7 + x^6 + x^5 + 1
x^188 + x^6 + x^5 + x^2 + 1
x^189 + x^6 + x^5 + x^2 + 1
x^190 + x^9 + x^7 + x^4 + x^2 + x + 1
x^191 + x^7 + x^5 + x^4 + x^3 + x + 1
x^192 + x^8 + x^6 + x^4 + x^3 + x^2 + 1
x^193 + x^8 + x^7 + x^6 + x^5 + x^4 + x^2 + x + 1
x^194 + x^4 + x^3 + x^2 + 1
x^195 + x^7 + x^5 + x^4 + x^2 + x + 1
x^196 + x^9 + x^8 + x^7 + x^4 + x + 1
x^197 + x^8 + x^7 + x^6 + x^5 + x^3 + x^2 + x + 1
x^198 + x^10 + x^9 + x^8 + x^6 + x^5 + x^4 + x + 1
x^199 + x^7 + x^6 + x^5 + x^3 + x^2 + 1
x^200 + x^5 + x^3 + x^2 + 1
x^201 + x^6 + x^3 + x^2 + 1
x^202 + x^7 + x^6 + x^4 + 1
x^203 + x^8 + x^7 + x + 1
x^204 + x^8 + x^7 + x^5 + x^3 + x + 1
x^205 + x^9 + x^5 + x^2 + 1
x^206 + x^7 + x^5 + x^3 + x^2 + x + 1
x^207 + x^9 + x^6 + x + 1
x^208 + x^8 + x^7 + x^6 + x^4 + x + 1
x^209 + x^5 + x^3 + x^2 + 1
x^210 + x^9 + x^6 + x^5 + x^4 + x^2 + 1
x^211 + x^9 + x^6 + x^5 + x^3 + x + 1
x^212 + x^7 + x^4 + x^3 + 1
x^213 + x^6 + x^5 + x^2 + 1
x^214 + x^5 + x^3 + x + 1
x^215 + x^6 + x^5 + x^3 + 1
x^216 + x^7 + x^3 + x + 1
x^217 + x^6 + x^5 + x^4 + 1
x^218 + x^7 + x^6 + x^5 + x^4 + x^2 + 1
x^219 + x^7 + x^6 + x^5 + x^4 + x^2 + 1
x^220 + x^8 + x^4 + x^3 + x^2 + x + 1
x^221 + x^8 + x^5 + x^4 + x^2 + x + 1
x^222 + x^8 + x^5 + x^2 + 1
x^223 + x^5 + x^4 + x^2 + 1
x^224 + x^8 + x^7 + x^5 + x^4 + x^2 + 1
x^225 + x^8 + x^6 + x^5 + x^3 + x^2 + 1
x^226 + x^8 + x^5 + x^4 + x^3 + x + 1
x^227 + x^6 + x^5 + x^4 + x^3 + x + 1
x^228 + x^8 + x^5 + x^4 + x^3 + x + 1
x^229 + x^9 + x^6 + x^5 + x^2 + x + 1
x^230 + x^8 + x^7 + x^6 + 1
x^231 + x^7 + x^4 + x^2 + 1
x^232 + x^9 + x^7 + x^4 + x^2 + x + 1
x^233 + x^7 + x^5 + x^4 + x^3 + x^2 + 1
x^234 + x^8 + x^7 + x^6 + x^3 + x + 1
x^235 + x^8 + x^7 + x^6 + x^3 + x^2 + 1
x^236 + x^5 + 1
x^237 + x^7 + x^4 + x + 1
x^238 + x^5 + x^2 + x + 1
x^239 + x^5 + x^4 + x^3 + x^2 + x + 1
x^240 + x^8 + x^5 + x^3 + 1
x^241 + x^8 + x^6 + x^5 + x^4 + x^3 + 1
x^242 + x^8 + x^6 + x^5 + x^4 + x + 1
x^243 + x^8 + x^5 + x + 1
x^244 + x^8 + x^6 + x^5 + x^2 + x + 1
x^245 + x^6 + x^4 + x + 1
x^246 + x^10 + x^7 + x^6 + x^4 + x^3 + 1
x^247 + x^9 + x^4 + x^2 + 1
x^248 + x^8 + x^5 + x^4 + x^3 + x^2 + 1
x^249 + x^7 + x^4 + x + 1
x^250 + x^6 + x^5 + x^3 + x^2 + x + 1
x^251 + x^7 + x^4 + x^2 + 1
x^252 + x^9 + x^8 + x^6 + x^5 + x^4 + 1
x^253 + x^5 + x^4 + x^3 + x^2 + x + 1
x^254 + x^7 + x^2 + x + 1
x^255 + x^5 + x^3 + x^2 + 1
x^256 + x^10 + x^5 + x^2 + 1
x^257 + x^7 + x^5 + x^4 + x^3 + x^2 + 1
x^258 + x^9 + x^6 + x^4 + 1
x^259 + x^8 + x^7 + x^6 + x^5 + x^4 + x^3 + x + 1
x^260 + x^8 + x^7 + x^3 + x^2 + x + 1
x^261 + x^7 + x^6 + x^4 + 1
x^262 + x^9 + x^8 + x^4 + 1
x^263 + x^9 + x^6 + x^5 + x^4 + x^3 + x^2 + x + 1
x^264 + x^10 + x^9 + x + 1
x^265 + x^5 + x^3 + x^2 + 1
x^266 + x^7 + x^5 + x^3 + x^2 + x + 1
x^267 + x^8 + x^6 + x^3 + 1
x^268 + x^9 + x^8 + x^7 + x^2 + x + 1
x^269 + x^7 + x^6 + x + 1
x^270 + x^8 + x^6 + x^4 + x^3 + x^2 + 1
x^271 + x^8 + x^4 + x^3 + x^2 + x + 1
x^272 + x^8 + x^7 + x^6 + x^5 + x + 1
x^273 + x^7 + x^2 + x + 1
x^274 + x^8 + x^6 + x^5 + x^2 + x + 1
x^275 + x^8 + x^5 + x^4 + x^3 + x + 1
x^276 + x^6 + x^3 + x + 1
x^277 + x^7 + x^5 + x^4 + x^2 + x + 1
x^278 + x^5 + 1
x^279 + x^5 + 1
x^280 + x^9 + x^5 + x^2 + 1
x^281 + x^9 + x^4 + x + 1
x^282 + x^9 + x^8 + x^7 + x^5 + x^3 + 1
x^283 + x^8 + x^6 + x^5 + x^2 + x + 1
x^284 + x^8 + x^6 + x^5 + 1
x^285 + x^10 + x^7 + x^5 + 1
x^286 + x^8 + x^7 + x^6 + x^5 + x^4 + x^3 + x + 1
x^287 + x^6 + x^5 + x^2 + 1
x^288 + x^9 + x^7 + x^5 + x^2 + x + 1
x^289 + x^7 + x^6 + x^5 + x^4 + x^2 + 1
x^290 + x^5 + x^3 + x^2 + 1
x^291 + x^6 + x^5 + x^4 + x^3 + x + 1
x^292 + x^7 + x^3 + x + 1
x^293 + x^9 + x^6 + x^4 + x^3 + x + 1
x^294 + x^8 + x^7 + x^6 + x^4 + x^3 + x^2 + x + 1
x^295 + x^5 + x^4 + x^2 + 1
x^296 + x^10 + x^8 + x^7 + x^6 + x + 1
x^297 + x^5 + 1
x^298 + x^8 + x^5 + x^4 + x^3 + x + 1
x^299 + x^7 + x^5 + x^3 + x^2 + x + 1
x^300 + x^7 + 1
x^301 + x^8 + x^6 + x^5 + x^2 + x + 1
x^302 + x^5 + x^4 + x^3 + x^2 + x + 1
x^303 + x^8 + x^7 + x^6 + x^2 + x + 1
x^304 + x^5 + x^4 + x^3 + x^2 + x + 1
x^305 + x^7 + x^6 + x^2 + 1
x^306 + x^7 + x^3 + x + 1
x^307 + x^8 + x^4 + x^2 + 1
x^308 + x^10 + x^9 + x^3 + x^2 + x + 1
x^309 + x^8 + x^6 + x^5 + x^4 + x + 1
x^310 + x^8 + x^5 + x + 1
x^311 + x^7 + x^5 + x^3 + 1
x^312 + x^10 + x^9 + x^8 + x^6 + x^4 + 1
x^313 + x^7 + x^3 + x + 1
x^314 + x^8 + x^6 + x^5 + x^2 + x + 1
x^315 + x^6 + x^5 + x^4 + x^3 + x + 1
x^316 + x^9 + x^8 + x^7 + x^5 + x^4 + x^2 + x + 1
x^317 + x^7 + x^4 + x^2 + 1
x^318 + x^8 + x^6 + x^5 + 1
x^319 + x^8 + x^5 + x^3 + x^2 + x + 1
x^320 + x^4 + x^3 + x + 1
x^321 + x^7 + x^5 + x^2 + 1
x^322 + x^9 + x^7 + x^6 + x^5 + x^4 + x^2 + x + 1
x^323 + x^6 + x^5 + x^4 + x^3 + x + 1
x^324 + x^6 + x^4 + x^3 + 1
x^325 + x^8 + x^6 + x^4 + x^2 + x + 1
x^326 + x^10 + x^3 + x + 1
x^327 + x^7 + x^6 + x^5 + x^3 + x^2 + 1
x^328 + x^9 + x^7 + x^5 + 1
x^329 + x^8 + x^5 + x^4 + x^3 + x^2 + 1
x^330 + x^6 + x^5 + x^3 + x^2 + x + 1
x^331 + x^7 + x^6 + x^5 + x^4 + x^2 + 1
x^332 + x^9 + x^8 + x^7 + x^6 + x^4 + 1
x^333 + x^2 + 1
x^334 + x^7 + x^4 + x + 1
x^335 + x^9 + x^8 + x^5 + x^4 + x + 1
x^336 + x^7 + x^4 + x + 1
x^337 + x^7 + x^6 + x^5 + x^2 + x + 1
x^338 + x^6 + x^3 + x^2 + 1
x^339 + x^7 + x^5 + x^3 + x^2 + x + 1
x^340 + x^9 + x^7 + x^6 + x^3 + x + 1
x^341 + x^8 + x^4 + x^3 + x^2 + x + 1
x^342 + x^8 + x^6 + x^4 + x^3 + x^2 + 1
x^343 + x^9 + x^8 + x^7 + x^6 + x^4 + x^3 + x + 1
x^344 + x^10 + x^7 + x^5 + x^4 + x^3 + 1
x^345 + x^8 + x^4 + x^2 + 1
x^346 + x^9 + x^7 + x^5 + x^2 + x + 1
x^347 + x^7 + x^6 + x^5 + x^4 + x^2 + 1
x^348 + x^8 + x^7 + x^4 + 1
x^349 + x^6 + x^5 + x^2 + 1
x^350 + x^7 + x^5 + x^4 + x^3 + x^2 + 1
x^351 + x^8 + x^6 + x^3 + 1
x^352 + x^7 + x^5 + x^4 + x^3 + x^2 + 1
x^353 + x^9 + x^7 + x^4 + 1
x^354 + x^9 + x^8 + x^5 + x^3 + x + 1
x^355 + x^6 + x^5 + x + 1
x^356 + x^8 + x^7 + x^6 + x^5 + x^4 + 1
x^357 + x^8 + x^7 + x^6 + x^5 + x^4 + 1
x^358 + x^8 + x^6 + x^5 + x^3 + x + 1
x^359 + x^8 + x^6 + x^5 + x^2 + x + 1
x^360 + x^12 + x^9 + x^8 + x^6 + x^4 + x^3 + x + 1
x^361 + x^7 + x^4 + x + 1
x^362 + x^8 + x^7 + x^4 + x^3 + x + 1
x^363 + x^8 + x^5 + x^3 + 1
x^364 + x^10 + x^8 + x^4 + x^3 + x + 1
x^365 + x^9 + x^6 + x^5 + 1
x^366 + x^8 + x^7 + x^6 + x^4 + x^3 + 1
x^367 + x^7 + x^5 + x^4 + x^3 + x + 1
x^368 + x^8 + x^5 + x^4 + x^2 + x + 1
x^369 + x^10 + x^8 + x^7 + x^6 + x^5 + x^3 + x + 1
x^370 + x^5 + x^3 + x^2 + 1
x^371 + x^8 + x^3 + x^2 + 1
x^372 + x^8 + x^6 + x^5 + x^3 + x^2 + 1
x^373 + x^8 + x^7 + x^2 + 1
x^374 + x^8 + x^6 + x^5 + 1
x^375 + x^8 + x^7 + x + 1
x^376 + x^8 + x^7 + x^5 + 1
x^377 + x^8 + x^3 + x + 1
x^378 + x^9 + x^8 + x^7 + x^2 + x + 1
x^379 + x^9 + x^8 + x^5 + x^3 + x + 1
x^380 + x^10 + x^9 + x^7 + x^2 + x + 1
x^381 + x^5 + x^2 + x + 1
x^382 + x^9 + x^8 + x^7 + x^6 + x^5 + x^3 + x^2 + 1
x^383 + x^9 + x^5 + x + 1
x^384 + x^10 + x^6 + x^4 + x^3 + x^2 + 1
x^385 + x^6 + 1
x^386 + x^9 + x^8 + x^7 + x^6 + x^5 + x^4 + x^3 + x^2 + x + 1
x^387 + x^9 + x^8 + x^2 + 1
x^388 + x^9 + x^8 + x^5 + x^4 + x^2 + 1
x^389 + x^7 + x^6 + x^3 + x^2 + x + 1
x^390 + x^10 + x^9 + x^8 + x^7 + x^4 + x^2 + x + 1
x^391 + x^6 + x^2 + x + 1
x^392 + x^8 + x^7 + x^4 + x^3 + x + 1
x^393 + x^7 + 1
x^394 + x^8 + x^7 + x^2 + 1
x^395 + x^8 + x^7 + x^6 + x^5 + x^4 + x^2 + x + 1
x^396 + x^7 + x^6 + x^4 + 1
x^397 + x^8 + x^7 + x^6 + x^5 + x + 1
x^398 + x^10 + x^8 + x^6 + x^4 + x + 1
x^399 + x^9 + x^6 + x^4 + x^2 + x + 1
x^400 + x^5 + x^3 + x^2 + 1
x^401 + x^7 + x^5 + x^4 + x^3 + x + 1
x^402 + x^5 + x^4 + x^3 + x^2 + x + 1
x^403 + x^9 + x^8 + x^5 + 1
x^404 + x^7 + x^6 + x^4 + 1
x^405 + x^9 + x^8 + x^6 + x^4 + x^2 + 1
x^406 + x^10 + x^9 + x^8 + x^7 + x^3 + x^2 + x + 1
x^407 + x^8 + x^7 + x^5 + x^2 + x + 1
x^408 + x^6 + x^4 + x^3 + x^2 + x + 1
x^409 + x^7 + x^5 + x^3 + 1
x^410 + x^10 + x^4 + x^3 + 1
x^411 + x^8 + x^6 + x^5 + x^3 + x^2 + 1
x^412 + x^9 + x^8 + x^7 + x^6 + x^4 + x^3 + x + 1
x^413 + x^7 + x^6 + x^4 + x^2 + x + 1
x^414 + x^10 + x^9 + x^7 + x^5 + x^4 + x^2 + x + 1
x^415 + x^9 + x^4 + x^2 + 1
x^416 + x^9 + x^5 + x^2 + 1
x^417 + x^8 + x^5 + x^4 + x^3 + x + 1
x^418 + x^10 + x^8 + x^7 + x^6 + x^4 + 1
x^419 + x^9 + x^6 + x^5 + x^4 + x^3 + x^2 + x + 1
x^420 + x^8 + x^6 + x^5 + x^4 + x + 1
x^421 + x^5 + x^4 + x^2 + 1
x^422 + x^7 + x^5 + x^4 + x^3 + x + 1
x^423 + x^9 + x^4 + x^3 + x^2 + x + 1
x^424 + x^8 + x^7 + x^5 + x^3 + x^2 + 1
x^425 + x^6 + x^5 + x^4 + x^3 + x + 1
x^426 + x^12 + x^10 + x^5 + x^2 + x + 1
x^427 + x^8 + x^6 + x^5 + x^2 + x + 1
x^428 + x^11 + x^3 + x^2 + 1
x^429 + x^9 + x^8 + x^7 + x^3 + x^2 + 1
x^430 + x^8 + x^5 + x^4 + x^3 + x^2 + 1
x^431 + x^5 + x^3 + x + 1
x^432 + x^11 + x^9 + x^8 + x^5 + x^3 + 1
x^433 + x^9 + x^8 + x^6 + x^5 + x^3 + x^2 + x + 1
x^434 + x^7 + x^6 + x^5 + x^2 + x + 1
x^435 + x^10 + x^6 + x^5 + x^3 + x + 1
x^436 + x^6 + x^5 + x^4 + 1
x^437 + x^6 + x^2 + x + 1
x^438 + x^10 + x^9 + x^6 + x^3 + x + 1
x^439 + x^8 + x^3 + x^2 + 1
x^440 + x^4 + x^3 + x + 1
x^441 + x^8 + x^6 + x^5 + x^4 + x^3 + 1
x^442 + x^7 + x^5 + x^2 + 1
x^443 + x^8 + x^7 + x^3 + x^2 + x + 1
x^444 + x^9 + x^7 + x^5 + x^4 + x^3 + x^2 + x + 1
x^445 + x^7 + x^6 + x^4 + 1
x^446 + x^10 + x^9 + x^7 + x^5 + x + 1
x^447 + x^8 + x^7 + x^4 + x^3 + x^2 + 1
x^448 + x^10 + x^8 + x^5 + x^3 + x + 1
x^449 + x^9 + x^6 + x^5 + x^4 + x^3 + x^2 + x + 1
x^450 + x^8 + x^7 + x^6 + x^4 + x^2 + 1
x^451 + x^9 + x^8 + x^5 + x^4 + x^2 + 1
x^452 + x^6 + x^5 + x^4 + 1
x^453 + x^10 + x^9 + x^8 + x^7 + x^6 + x^5 + x^4 + 1
x^454 + x^9 + x^5 + x^4 + x^2 + x + 1
x^455 + x^9 + x^7 + x^6 + x^5 + x^4 + 1
x^456 + x^11 + x^7 + x^5 + x^4 + x + 1
x^457 + x^9 + x^6 + x^5 + x^3 + x^2 + 1
x^458 + x^9 + x^4 + x^3 + x^2 + x + 1
x^459 + x^7 + x^6 + x^4 + x^3 + x + 1
x^460 + x^9 + x^5 + x + 1
x^461 + x^7 + x^6 + x + 1
x^462 + x^10 + x^8 + x^7 + x^5 + x^2 + 1
x^463 + x^10 + x^8 + x^7 + x^4 + x^2 + 1
x^464 + x^9 + x^6 + x^4 + x^2 + x + 1
x^465 + x^8 + x^3 + x^2 + 1
x^466 + x^9 + x^8 + x^7 + x^6 + x^3 + 1
x^467 + x^11 + x^6 + x + 1
x^468 + x^10 + x^8 + x^6 + x^4 + x^3 + x^2 + x + 1
x^469 + x^6 + x^5 + x^4 + x^3 + x^2 + 1
x^470 + x^8 + x^5 + x^4 + x^3 + x^2 + 1
x^471 + x + 1
x^472 + x^10 + x^9 + x^7 + x^6 + x^3 + 1
x^473 + x^8 + x^6 + x^3 + 1
x^474 + x^9 + x^7 + x^5 + x^4 + x^3 + 1
x^475 + x^9 + x^8 + x^4 + 1
x^476 + x^10 + x^8 + x + 1
x^477 + x^8 + x^6 + x^5 + x^4 + x^3 + 1
x^478 + x^6 + x^4 + x + 1
x^479 + x^8 + x^7 + x^6 + x^5 + x^4 + x^3 + x^2 + 1
x^480 + x^7 + x^6 + x^4 + x^3 + x^2 + 1
x^481 + x^9 + x^7 + x^4 + x^2 + x + 1
x^482 + x^9 + x^6 + x^5 + 1
x^483 + x^7 + x^6 + x^4 + x^3 + x + 1
x^484 + x^11 + x^8 + x^6 + x^4 + x + 1
x^485 + x^8 + x^7 + x^5 + x^3 + x^2 + 1
x^486 + x^7 + x^6 + x^5 + x^4 + x^3 + 1
x^487 + x^9 + x^4 + x^2 + 1
x^488 + x^4 + x^3 + x + 1
x^489 + x^9 + x^6 + x^5 + 1
x^490 + x^9 + x^7 + x^5 + 1
x^491 + x^6 + x^5 + x^4 + x^3 + x + 1
x^492 + x^8 + x^6 + x^5 + x^3 + x^2 + 1
x^493 + x^9 + x^6 + x^3 + x^2 + x + 1
x^494 + x^10 + x^9 + x^7 + x^6 + x^5 + x^4 + x + 1
x^495 + x^10 + x^9 + x^4 + x^3 + x + 1
x^496 + x^8 + x^7 + x^4 + x^2 + x + 1
x^497 + x^10 + x^9 + x^7 + x^5 + x + 1
x^498 + x^8 + x^7 + x^6 + x^5 + x^4 + x^3 + x^2 + 1
x^499 + x^9 + x^7 + x^6 + x^3 + x^2 + 1
x^500 + x^8 + x^6 + x^5 + x^2 + x + 1
x^501 + x^5 + x^4 + x^2 + 1
x^502 + x^8 + x^5 + x^4 + 1
x^503 + x^3 + 1
x^504 + x^6 + x^4 + x^3 + x^2 + x + 1
x^505 + x^9 + x^8 + x^4 + x^3 + x^2 + 1
x^506 + x^9 + x^8 + x^4 + x^2 + x + 1
x^507 + x^7 + x^6 + x^5 + x^4 + x^2 + 1
x^508 + x^7 + x^4 + x^3 + x^2 + x + 1
x^509 + x^8 + x^7 + x^3 + 1
x^510 + x^8 + x^6 + x^5 + x^4 + x^3 + 1
x^511 + x^10 + 1
x^512 + x^8 + x^5 + x^2 + 1
x^513 + x^8 + x^7 + x^6 + x^5 + x + 1
x^514 + x^7 + x^5 + x^3 + 1
x^515 + x^9 + x^8 + x^6 + x^3 + x^2 + 1
x^516 + x^7 + x^5 + x^2 + 1
x^517 + x^10 + x^9 + x^5 + x^3 + x^2 + 1
x^518 + x^9 + x^8 + x^7 + x^5 + x^4 + x^3 + x^2 + 1
x^519 + x^8 + x^6 + x^5 + x^3 + x + 1
x^520 + x^10 + x^9 + x^8 + x^6 + x^5 + x^3 + x^2 + 1
x^521 + x^9 + x^6 + x^5 + x^3 + x + 1
x^522 + x^8 + x^7 + x^6 + x^5 + x^4 + x^3 + x^2 + 1
x^523 + x^9 + x^5 + x^4 + x^2 + x + 1
x^524 + x^9 + x^5 + x + 1
x^525 + x^6 + x^4 + x + 1
x^526 + x^9 + x^5 + x + 1
x^527 + x^9 + x^7 + x + 1
x^528 + x^11 + x^6 + x^2 + 1
x^529 + x^7 + x^4 + x + 1
x^530 + x^10 + x^7 + x^3 + 1
x^531 + x^10 + x^7 + x^4 + x^2 + x + 1
x^532 + x + 1
x^533 + x^4 + x^3 + x^2 + 1
x^534 + x^7 + x^5 + x + 1
x^535 + x^8 + x^6 + x^2 + 1
x^536 + x^7 + x^5 + x^3 + 1
x^537 + x^10 + x^2 + x + 1
x^538 + x^5 + x^2 + x + 1
x^539 + x^10 + x^5 + x^4 + 1
x^540 + x^11 + x^6 + x^3 + 1
x^541 + x^9 + x^6 + x^4 + x^3 + x^2 + 1
x^542 + x^9 + x^3 + x^2 + 1
x^543 + x^10 + x^9 + x^8 + x^4 + x^3 + 1
x^544 + x^10 + x^8 + x^5 + x^4 + x + 1
x^545 + x^8 + x^7 + x^6 + x^2 + x + 1
x^546 + x^6 + x^5 + x^4 + x^2 + x + 1
x^547 + x^8 + x^7 + x^6 + x^5 + x^4 + 1
x^548 + x^9 + x^8 + x^4 + x^3 + x + 1
x^549 + x^9 + x^8 + x^7 + x^2 + x + 1
x^550 + x^8 + x^7 + x^4 + x^3 + x^2 + 1
x^551 + x^9 + x^4 + x + 1
x^552 + x^12 + x^8 + x^7 + x^6 + x^5 + x^4 + x + 1
x^553 + x^10 + x^9 + x^8 + x^7 + x^6 + x^4 + x^3 + 1
x^554 + x^11 + x^8 + x^3 + 1
x^555 + x^9 + x^8 + x^7 + x^6 + x^5 + x^4 + x^3 + 1
x^556 + x^8 + x^7 + x^6 + x^4 + x^3 + x^2 + x + 1
x^557 + x^7 + x^6 + x^3 + x^2 + x + 1
x^558 + x^10 + x^7 + x^6 + x^5 + x^2 + 1
x^559 + x^9 + x^7 + x^2 + 1
x^560 + x^9 + x^6 + x^5 + x^4 + x^3 + 1
x^561 + x^9 + x^7 + x^6 + x^5 + x^4 + 1
x^562 + x^8 + x^7 + x^5 + x^3 + x^2 + 1
x^563 + x^8 + x^7 + x^5 + x^3 + x + 1
x^564 + x^6 + x^3 + x + 1
x^565 + x^10 + x^5 + x^4 + x^3 + x^2 + 1
x^566 + x^6 + x^5 + x^2 + 1
x^567 + x^10 + x^9 + x^7 + x^6 + x^4 + x^3 + x + 1
x^568 + x^12 + x^9 + x^7 + x^6 + x^3 + 1
x^569 + x^11 + x^9 + x^4 + x^2 + x + 1
x^570 + x^7 + x^6 + x^5 + x^2 + x + 1
x^571 + x^10 + x^5 + x^2 + 1
x^572 + x^9 + x^8 + x^6 + x^4 + x^3 + x^2 + x + 1
x^573 + x^9 + x^8 + x^7 + x^5 + x^4 + x^3 + x^2 + 1
x^574 + x^9 + x^8 + x^7 + x^5 + x^4 + x^3 + x + 1
x^575 + x^6 + x^5 + x^3 + 1
x^576 + x^11 + x^10 + x^9 + x^8 + x^6 + x^5 + x^3 + x^2 + x + 1
x^577 + x^8 + x^3 + x^2 + 1
x^578 + x^10 + x^9 + x^8 + x^5 + x^4 + 1
x^579 + x^10 + x^9 + x^7 + x^6 + x^5 + x^4 + x + 1
x^580 + x^6 + x^4 + x + 1
x^581 + x^10 + x^8 + x^7 + x^6 + x^2 + 1
x^582 + x^9 + x^6 + x^5 + x^4 + x^3 + x^2 + x + 1
x^583 + x^8 + x^6 + x^2 + 1
x^584 + x^8 + x^7 + x^5 + x^3 + x^2 + 1
x^585 + x^8 + x^3 + x^2 + 1
x^586 + x^7 + x^5 + x^2 + 1
x^587 + x^11 + x^6 + x + 1
x^588 + x^10 + x^9 + x^8 + x^7 + x^5 + 1
x^589 + x^10 + x^4 + x^3 + 1
x^590 + x^8 + x^6 + x^4 + x^3 + x + 1
x^591 + x^9 + x^6 + x^4 + 1
x^592 + x^9 + x^7 + x^5 + x^4 + x^2 + 1
x^593 + x^8 + x^5 + x^4 + x^2 + x + 1
x^594 + x^10 + x^8 + x^6 + x^4 + x^3 + x^2 + x + 1
x^595 + x^9 + x^2 + x + 1
x^596 + x^6 + x^5 + x^4 + 1
x^597 + x^10 + x^6 + x^3 + x^2 + x + 1
x^598 + x^7 + x^6 + x + 1
x^599 + x^6 + x^5 + x^4 + x^2 + x + 1
x^600 + x^11 + x^10 + x + 1
x^601 + x^7 + x^4 + x^3 + x^2 + x + 1
x^602 + x^9 + x^8 + x^7 + x^6 + x^5 + x^2 + x + 1
x^603 + x^6 + x^4 + x^3 + 1
x^604 + x^9 + x^7 + x^6 + x^3 + x + 1
x^605 + x^8 + x^6 + x^5 + x^4 + x + 1
x^606 + x^11 + x^6 + x^4 + x^2 + x + 1
x^607 + x^9 + x^7 + x^6 + x^3 + x + 1
x^608 + x^11 + x^7 + x^5 + x^4 + x^3 + x^2 + x + 1
x^609 + x^8 + x^7 + x^6 + x^5 + x + 1
x^610 + x^11 + x^6 + x^5 + x^4 + x^3 + 1
x^611 + x^7 + x^6 + x^4 + x^2 + x + 1
x^612 + x^9 + x^8 + x^4 + x^3 + x + 1
x^613 + x^10 + x^6 + x^4 + x^3 + x + 1
x^614 + x^7 + x^2 + x + 1
x^615 + x^7 + x^6 + x + 1
x^616 + x^11 + x^9 + x^6 + x^4 + x^3 + x^2 + x + 1
x^617 + x^9 + x^8 + x^7 + x^6 + x^5 + x^4 + x^3 + x^2 + x + 1
x^618 + x^11 + x^9 + x^7 + x^6 + x^2 + 1
x^619 + x^5 + x^4 + x^3 + x^2 + x + 1
x^620 + x^9 + x^2 + x + 1
x^621 + x^10 + x^9 + x^6 + x^4 + x^3 + 1
x^622 + x^9 + x^8 + x^6 + x^4 + x^3 + x^2 + x + 1
x^623 + x^10 + x^6 + x^5 + x^2 + x + 1
x^624 + x^9 + x^7 + x^6 + x^5 + x^4 + x^2 + x + 1
x^625 + x^9 + x^6 + x^4 + x^3 + x^2 + 1
x^626 + x^10 + x^7 + x^4 + x^3 + x^2 + 1
x^627 + x^6 + x^5 + x^4 + x^3 + x^2 + 1
x^628 + x^10 + x^8 + x^6 + x^2 + x + 1
x^629 + x^6 + x^5 + x^2 + 1
x^630 + x^7 + x^4 + x^2 + 1
x^631 + x^10 + x^5 + x^3 + x^2 + x + 1
x^632 + x^10 + x^9 + x^8 + x^7 + x^5 + x^3 + x^2 + 1
x^633 + x^7 + x^2 + x + 1
x^634 + x^7 + x^5 + x^3 + 1
x^635 + x^8 + x^7 + x^6 + x^5 + x^4 + x^2 + x + 1
x^636 + x^11 + x^9 + x^7 + x^6 + x^5 + x^4 + x^2 + 1
x^637 + x^8 + x^7 + x^5 + x^3 + x + 1
x^638 + x^6 + x^5 + x + 1
x^639 + x^8 + x^7 + x^6 + x^3 + x^2 + 1
x^640 + x^11 + x^8 + x^7 + x^4 + x^3 + x^2 + x + 1
x^641 + x^8 + x^6 + x^4 + x^3 + x + 1
x^642 + x^10 + x^9 + x^6 + 1
x^643 + x^9 + x^8 + x^6 + x^5 + x^3 + x^2 + x + 1
x^644 + x^11 + x^9 + x^8 + x^6 + x^4 + x^3 + x^2 + 1
x^645 + x^10 + x^7 + x^4 + x^2 + x + 1
x^646 + x^9 + x^7 + x^6 + x^3 + x^2 + 1
x^647 + x^5 + 1
x^648 + x^11 + x^6 + x^5 + x^3 + x^2 + 1
x^649 + x^11 + x^5 + x + 1
x^650 + x^3 + 1
x^651 + x^9 + x^5 + x^4 + x^2 + x + 1
x^652 + x^7 + x^6 + x^5 + x^3 + x^2 + 1
x^653 + x^8 + x^7 + x^6 + x^5 + x^4 + 1
x^654 + x^8 + x^5 + x^4 + x^2 + x + 1
x^655 + x^8 + x^5 + x^4 + x^3 + x + 1
x^656 + x^12 + x^8 + x^7 + x^4 + x + 1
x^657 + x^8 + x^7 + x + 1
x^658 + x^11 + x^9 + x^8 + x^5 + x^4 + x^3 + x^2 + 1
x^659 + x^9 + x^7 + x^3 + x^2 + x + 1
x^660 + x^12 + x^4 + x^3 + 1
x^661 + x^8 + x^6 + x^5 + x^2 + x + 1
x^662 + x^11 + x^7 + x^6 + x^5 + x^4 + x^2 + x + 1
x^663 + x^10 + x^8 + x^6 + x^3 + x + 1
x^664 + x^10 + x^8 + x^6 + x^5 + x^4 + x^2 + x + 1
x^665 + x^10 + x^9 + x^7 + x^6 + x^5 + x^3 + x + 1
x^666 + x^10 + x^5 + x^3 + x^2 + x + 1
x^667 + x^11 + x^10 + x^8 + x^6 + x^5 + x^2 + x + 1
x^668 + x^9 + x^8 + x^5 + x^2 + x + 1
x^669 + x^5 + x^4 + x^2 + 1
x^670 + x^6 + x^5 + x + 1
x^671 + x^9 + x^6 + x^2 + 1
x^672 + x^6 + x^5 + x^3 + x^2 + x + 1
x^673 + x^9 + x^8 + x^6 + x^4 + x^3 + 1
x^674 + x^10 + x^8 + x^7 + x^3 + x + 1
x^675 + x^6 + x^3 + x + 1
x^676 + x^10 + x^7 + x^4 + x^3 + x + 1
x^677 + x^8 + x^4 + x^3 + 1
x^678 + x^8 + x^7 + x^5 + x^4 + x^3 + 1
x^679 + x^8 + x^7 + x^6 + x^5 + x + 1
x^680 + x^9 + x^8 + x^7 + x^6 + x^3 + 1
x^681 + x^8 + x^6 + x^5 + x^3 + x^2 + 1
x^682 + x^7 + x^3 + x + 1
x^683 + x^9 + x^8 + x^4 + x^2 + x + 1
x^684 + x^9 + x^8 + x^6 + x^3 + x^2 + 1
x^685 + x^4 + x^3 + x + 1
x^686 + x^10 + x^9 + x^8 + x^7 + x^5 + x^4 + x + 1
x^687 + x^11 + x^7 + x^5 + x^3 + x + 1
x^688 + x^11 + x^10 + x^9 + x^8 + x^5 + x^2 + x + 1
x^689 + x^8 + x^6 + x^3 + 1
x^690 + x^9 + x^6 + x^5 + x^4 + x^2 + 1
x^691 + x^8 + x^7 + x^4 + x^3 + x^2 + 1
x^692 + x^10 + x^9 + x^5 + x^4 + x^2 + 1
x^693 + x^8 + x^5 + x^4 + x^3 + x + 1
x^694 + x^10 + x^7 + x^5 + x^3 + x^2 + 1
x^695 + x^9 + x^4 + x + 1
x^696 + x^9 + x^7 + x^5 + x^2 + x + 1
x^697 + x^9 + x^7 + x^6 + x^3 + x + 1
x^698 + x^10 + x^9 + x^6 + x^5 + x^4 + x^3 + x + 1
x^699 + x^8 + x^6 + x^5 + x^4 + x^3 + x^2 + x + 1
x^700 + x^6 + x^5 + x^2 + 1
x^701 + x^9 + x^8 + x^7 + x^4 + x^2 + 1
x^702 + x^7 + x^3 + x + 1
x^703 + x^9 + x^8 + x^6 + x^5 + x + 1
x^704 + x^8 + x^7 + x^5 + x^3 + x^2 + 1
x^705 + x^8 + x^6 + x^5 + 1
x^706 + x^10 + x^5 + x^4 + x^3 + x + 1
x^707 + x^9 + x^8 + x^7 + x^6 + x^4 + 1
x^708 + x^5 + x^4 + x^2 + 1
x^709 + x^4 + x^3 + x + 1
x^710 + x^10 + x^9 + x^8 + x^7 + x^4 + x^2 + x + 1
x^711 + x^10 + x^8 + x^7 + x^6 + x^5 + 1
x^712 + x^5 + x^4 + x^3 + 1
x^713 + x^11 + x^9 + x^6 + x^5 + x^3 + 1
x^714 + x^11 + x^8 + x^7 + x^6 + x^5 + x^4 + x^3 + 1
x^715 + x^7 + x^4 + x + 1
x^716 + x^11 + x^7 + x^6 + x^5 + x^2 + 1
x^717 + x^11 + x^9 + x^7 + x^6 + x^5 + x^2 + x + 1
x^718 + x^5 + x^2 + x + 1
x^719 + x^10 + x^8 + x^5 + x^4 + x^3 + x^2 + x + 1
x^720 + x^11 + x^8 + x^2 + 1
x^721 + x^8 + x^6 + x^5 + x^4 + x^3 + 1
x^722 + x^6 + x^5 + x^4 + x^2 + x + 1
x^723 + x^9 + x^8 + x^7 + x^3 + x^2 + 1
x^724 + x^11 + x^10 + x^8 + x^7 + x^6 + x^5 + x^2 + 1
x^725 + x^8 + x^7 + x^5 + x^3 + x + 1
x^726 + x^5 + 1
x^727 + x^9 + x^8 + x^5 + x^3 + x + 1
x^728 + x^4 + x^3 + x^2 + 1
x^729 + x^9 + x^6 + x^5 + x^3 + x^2 + 1
x^730 + x^12 + x^10 + x^9 + x^6 + x^4 + x^3 + x + 1
x^731 + x^8 + x^5 + x^4 + x^2 + x + 1
x^732 + x^7 + x^4 + x^3 + 1
x^733 + x^8 + x^7 + x^2 + 1
x^734 + x^11 + x^8 + x^6 + x^4 + x + 1
x^735 + x^8 + x^7 + x^2 + 1
x^736 + x^11 + x^8 + x^5 + x^2 + x + 1
x^737 + x^5 + 1
x^738 + x^9 + x^7 + x^6 + x^5 + x^4 + 1
x^739 + x^9 + x^8 + x^7 + x^5 + x^2 + 1
x^740 + x^10 + x^9 + x^5 + x^4 + x + 1
x^741 + x^9 + x^8 + x^3 + 1
x^742 + x^11 + x^9 + x^7 + x^6 + x^5 + 1
x^743 + x^10 + x^9 + x^7 + x^6 + x^5 + x^4 + x + 1
x^744 + x^9 + x^5 + x^4 + x^2 + x + 1
x^745 + x^8 + x^7 + x^5 + 1
x^746 + x^7 + x^5 + x^3 + x^2 + x + 1
x^747 + x^10 + x^6 + x^4 + 1
x^748 + x^11 + x^10 + x^8 + x^7 + x^3 + x^2 + x + 1
x^749 + x^7 + x^6 + x + 1
x^750 + x^10 + x^9 + x^8 + x^7 + x^6 + x^2 + x + 1
x^751 + x^7 + x^6 + x^5 + x^4 + x + 1
x^752 + x^10 + x^6 + x^5 + x^4 + x^2 + 1
x^753 + x^9 + x^7 + x^6 + x^5 + x^2 + 1
x^754 + x^12 + x^9 + x^6 + x^3 + x + 1
x^755 + x^11 + x^10 + x^8 + x^7 + x^5 + x^4 + x^3 + x^2 + x + 1
x^756 + x^12 + x^9 + x^4 + x^2 + x + 1
x^757 + x^7 + x^6 + x + 1
x^758 + x^11 + x^10 + x^9 + x^8 + x^6 + x^2 + x + 1
x^759 + x^9 + x^3 + x^2 + 1
x^760 + x^11 + x^10 + x^7 + x^6 + x^5 + x^4 + x^3 + 1
x^761 + x^3 + 1
x^762 + x^8 + x^5 + x^4 + x^2 + x + 1
x^763 + x^8 + x^7 + x^6 + x^5 + x + 1
x^764 + x^6 + x^5 + x^3 + 1
x^765 + x^10 + x^8 + x^7 + x^5 + x^4 + 1
x^766 + x^11 + x^9 + x^8 + x^6 + x^5 + x^4 + x^3 + x^2 + x + 1
x^767 + x^8 + x^7 + x^4 + 1
x^768 + x^13 + x^8 + x^7 + x^5 + x^3 + 1
x^769 + x^9 + x^7 + x^6 + 1
x^770 + x^11 + x^10 + x^9 + x^4 + x^2 + 1
x^771 + x^9 + x^8 + x^6 + x^4 + x + 1
x^772 + x^7 + 1
x^773 + x^10 + x^8 + x^6 + 1
x^774 + x^8 + x^6 + x^3 + x^2 + x + 1
x^775 + x^7 + x^6 + x^4 + 1
x^776 + x^11 + x^10 + x^7 + x^6 + x^3 + 1
x^777 + x^10 + x^9 + x^8 + x^5 + x^4 + 1
x^778 + x^8 + x^7 + x^6 + x^4 + x^2 + 1
x^779 + x^10 + x^6 + x^3 + x^2 + x + 1
x^780 + x^8 + x^7 + x^6 + x^4 + x^3 + x^2 + x + 1
x^781 + x^10 + x^6 + x^5 + x^3 + x^2 + 1
x^782 + x^7 + x^6 + x^4 + x^2 + x + 1
x^783 + x^9 + x^8 + x^7 + x^5 + x^4 + x^3 + x + 1
x^784 + x^11 + x^8 + x^4 + x^3 + x^2 + 1
x^785 + x^7 + x^5 + x^4 + x^3 + x^2 + 1
x^786 + x^10 + x^8 + x^6 + x^5 + x^3 + 1
x^787 + x^7 + x^6 + x^3 + 1
x^788 + x^10 + x^9 + x^8 + x^7 + x^6 + x^3 + x + 1
x^789 + x^5 + x^2 + x + 1
x^790 + x^9 + x^7 + x^3 + 1
x^791 + x^6 + x^4 + x + 1
x^792 + x^9 + x^6 + x^5 + x^4 + x + 1
x^793 + x^9 + x^4 + x + 1
x^794 + x^10 + x^6 + x^5 + x^4 + x^3 + 1
x^795 + x^10 + x^9 + x^4 + x^3 + x^2 + 1
x^796 + x^8 + x^7 + x^6 + x^5 + x + 1
x^797 + x^10 + x^8 + x^6 + x^4 + x^2 + 1
x^798 + x^7 + x^6 + x^3 + 1
x^799 + x^8 + x^6 + x^5 + x^4 + x^3 + 1
x^800 + x^9 + x^7 + x^6 + x^3 + x^2 + 1
x^801 + x^9 + x^7 + x + 1
x^802 + x^9 + x^8 + x^7 + x^6 + x^4 + x^3 + x + 1
x^803 + x^8 + x^7 + x^5 + x^3 + x + 1
x^804 + x^10 + x^9 + x^7 + 1
x^805 + x^7 + x^6 + x^5 + x^3 + x^2 + 1
x^806 + x^10 + x^9 + x^5 + 1
x^807 + x^7 + 1
x^808 + x^9 + x^8 + x^7 + x^6 + x^4 + x^3 + x + 1
x^809 + x^8 + x^3 + x + 1
x^810 + x^9 + x^7 + x^6 + x^4 + x + 1
x^811 + x^7 + x^6 + x^5 + x^2 + x + 1
x^812 + x^11 + x^10 + x^9 + x^7 + x^6 + x^5 + x^4 + x^3 + x + 1
x^813 + x^8 + x^7 + x^5 + x^2 + x + 1
x^814 + x^10 + x^4 + x + 1
x^815 + x^9 + x^8 + x^7 + x^6 + x^4 + x^3 + x + 1
x^816 + x^12 + x^11 + x^7 + x^5 + x^4 + x^3 + x^2 + 1
x^817 + x^10 + x^8 + x^3 + x^2 + x + 1
x^818 + x^8 + x^7 + x^6 + x^5 + x^2 + 1
x^819 + x^9 + x^5 + x^4 + x^3 + x^2 + 1
x^820 + x^9 + x^8 + x^6 + x^4 + x^3 + x^2 + x + 1
x^821 + x^10 + x^7 + x^5 + x^4 + x + 1
x^822 + x^11 + x^10 + x^8 + x^6 + x^5 + x^4 + x^3 + 1
x^823 + x^9 + 1
x^824 + x^5 + x^4 + x^3 + x^2 + x + 1
x^825 + x^10 + x^9 + x^8 + x^6 + x^5 + 1
x^826 + x^9 + x^6 + x^5 + x^4 + x^2 + 1
x^827 + x^6 + x^5 + x^4 + x^3 + x + 1
x^828 + x^10 + x^9 + x^4 + x^3 + x + 1
x^829 + x^4 + x^3 + x + 1
x^830 + x^8 + x^7 + x^6 + x^2 + x + 1
x^831 + x^9 + x^7 + x^5 + x^2 + x + 1
x^832 + x^8 + x^7 + x^6 + x^3 + x^2 + 1
x^833 + x^7 + x^6 + x^5 + x^4 + x^3 + 1
x^834 + x^10 + x^7 + x^6 + x^4 + x^3 + x^2 + x + 1
x^835 + x^10 + x^8 + x^6 + x^5 + x^2 + 1
x^836 + x^10 + x^9 + x^2 + 1
x^837 + x^8 + x^6 + x^5 + 1
x^838 + x^10 + x^7 + x^6 + x^2 + x + 1
x^839 + x^9 + x^8 + x^7 + x^6 + x^3 + 1
x^840 + x^11 + x^5 + x + 1
x^841 + x^6 + x^5 + x^4 + 1
x^842 + x^8 + x^5 + x^4 + x^3 + x + 1
x^843 + x^10 + x^9 + x^6 + x^5 + x^4 + x^2 + x + 1
x^844 + x^9 + x^8 + x^7 + x^6 + x^5 + x^3 + x + 1
x^845 + x^2 + 1
x^846 + x^11 + x^10 + x^8 + x^7 + x^5 + x^2 + x + 1
x^847 + x^10 + x^7 + x^6 + x^5 + x^2 + 1
x^848 + x^8 + x^5 + x^4 + x^2 + x + 1
x^849 + x^9 + x^6 + x^5 + x^2 + x + 1
x^850 + x^11 + x^10 + x^8 + x^5 + x^3 + x^2 + x + 1
x^851 + x^9 + x^7 + x^6 + x^5 + x^4 + 1
x^852 + x^8 + x^5 + x^4 + 1
x^853 + x^10 + x^7 + x + 1
x^854 + x^7 + x^5 + x^3 + 1
x^855 + x^10 + x^7 + x^4 + x^2 + x + 1
x^856 + x^11 + x^10 + x^8 + x^4 + x^3 + 1
x^857 + x^6 + x^5 + x^3 + 1
x^858 + x^11 + x^8 + x^7 + x^6 + x^3 + x^2 + x + 1
x^859 + x^9 + x^6 + x^5 + x^3 + x + 1
x^860 + x^9 + x^8 + x^5 + x^4 + x + 1
x^861 + x^9 + x^5 + x^2 + 1
x^862 + x^7 + x^6 + x + 1
x^863 + x^6 + x^3 + x^2 + 1
x^864 + x^13 + x^12 + x^10 + x^9 + x^7 + x^5 + x^2 + 1
x^865 + x + 1
x^866 + x^10 + x^7 + x^6 + x^2 + x + 1
x^867 + x^9 + x^5 + x^2 + 1
x^868 + x^11 + x^9 + x^4 + x^3 + x^2 + 1
x^869 + x^10 + x^9 + x^7 + x^6 + x^4 + x^3 + x^2 + 1
x^870 + x^12 + x^5 + x^4 + x^2 + x + 1
x^871 + x^10 + x^6 + x^5 + x^4 + x + 1
x^872 + x^10 + x^8 + x^7 + x^6 + x^4 + x^3 + x + 1
x^873 + x^7 + x^3 + x + 1
x^874 + x^11 + x^10 + x^9 + x^8 + x + 1
x^875 + x^11 + x^10 + x^9 + x^8 + x^7 + x^5 + x^4 + 1
x^876 + x^12 + x^7 + x^6 + x^5 + x + 1
x^877 + x^6 + x^5 + x^4 + 1
x^878 + x^10 + x^8 + x^6 + x^5 + x + 1
x^879 + x^9 + x^5 + x^3 + 1
x^880 + x^11 + x^9 + x^7 + x^3 + x^2 + 1
x^881 + x^11 + x^8 + x^5 + 1
x^882 + x^11 + x^5 + x + 1
x^883 + x^9 + x^8 + x^6 + x^2 + x + 1
x^884 + x^8 + x^7 + x^5 + x^4 + x^3 + 1
x^885 + x^8 + x^7 + x + 1
x^886 + x^10 + x^9 + x^6 + x^4 + x^3 + x^2 + x + 1
x^887 + x^7 + x^6 + x^4 + 1
x^888 + x^9 + x^8 + x^7 + x^6 + x^3 + x^2 + x + 1
x^889 + x^9 + x^8 + x^7 + x^5 + x^4 + x^3 + x + 1
x^890 + x^11 + x^9 + x^7 + x^4 + x^3 + 1
x^891 + x^8 + x^7 + x^5 + x^4 + x^2 + 1
x^892 + x^11 + x^6 + x^5 + x^4 + x + 1
x^893 + x^8 + x^5 + x^4 + x^2 + x + 1
x^894 + x^8 + x^5 + x^4 + x^2 + x + 1
x^895 + x^8 + x^5 + x^4 + x^3 + x + 1
x^896 + x^10 + x^8 + x^5 + x^3 + x + 1
x^897 + x^10 + x^9 + x^8 + x^5 + x^4 + x^3 + x + 1
x^898 + x^10 + x^8 + x^7 + x^4 + x^3 + x^2 + x + 1
x^899 + x^11 + x^6 + x^5 + x^4 + x + 1
x^900 + x + 1
x^901 + x^10 + x^9 + x^7 + x^5 + x^3 + x^2 + x + 1
x^902 + x^8 + x^7 + x^6 + x^2 + x + 1
x^903 + x^8 + x^7 + x + 1
x^904 + x^11 + x^10 + x^9 + x^5 + x + 1
x^905 + x^9 + x^6 + x^5 + x^3 + x + 1
x^906 + x^11 + x^8 + x^6 + x^5 + x^3 + 1
x^907 + x^9 + x^7 + x^6 + x^5 + x^4 + x^3 + x + 1
x^908 + x^8 + x^7 + x^4 + 1
x^909 + x^10 + x^9 + x^7 + x^6 + x^5 + x^2 + x + 1
x^910 + x^11 + x^9 + x^8 + x^7 + x^4 + 1
x^911 + x^8 + x^6 + x + 1
x^912 + x^12 + x^10 + x^9 + x^8 + x^6 + x^4 + x^3 + x^2 + x + 1
x^913 + x^10 + x^9 + x^4 + x^3 + x + 1
x^914 + x^4 + x^2 + x + 1
x^915 + x^8 + x^6 + x^3 + 1
x^916 + x^10 + x^9 + x^5 + x^4 + x^2 + 1
x^917 + x^11 + x^9 + x^8 + x^7 + x^4 + 1
x^918 + x^10 + x^9 + x^8 + x^7 + x^3 + x^2 + x + 1
x^919 + x^9 + x^7 + x^5 + 1
x^920 + x^11 + x^7 + x^6 + x^4 + x + 1
x^921 + x^9 + x^6 + x^5 + x^4 + x^2 + 1
x^922 + x^7 + x^6 + x^5 + 1
x^923 + x^9 + x^8 + x^7 + x^6 + x + 1
x^924 + x^11 + x^9 + x^8 + x^5 + x^2 + 1
x^925 + x^8 + x^7 + x^5 + x^4 + x^3 + x^2 + x + 1
x^926 + x^11 + x^9 + x^6 + x^3 + x + 1
x^927 + x^9 + x^7 + x^3 + 1
x^928 + x^11 + x^10 + x^9 + x^8 + x^7 + x^5 + x^4 + 1
x^929 + x^11 + x^4 + x^3 + 1
x^930 + x^10 + x^5 + x^3 + x^2 + x + 1
x^931 + x^9 + x^8 + x^6 + x^4 + x^3 + 1
x^932 + x^9 + x^2 + x + 1
x^933 + x^10 + x^8 + x^7 + x^5 + x^4 + x^2 + x + 1
x^934 + x^8 + x^5 + x^4 + x^3 + x^2 + 1
x^935 + x^9 + x^8 + x^7 + x^6 + x + 1
x^936 + x^10 + x^9 + x^7 + x^6 + x^3 + 1
x^937 + x^7 + x^6 + x^5 + x^2 + x + 1
x^938 + x^8 + x^6 + x^5 + x^4 + x^2 + 1
x^939 + x^7 + x^5 + x^4 + 1
x^940 + x^11 + x^9 + x^7 + x^4 + x + 1
x^941 + x^11 + x^6 + x + 1
x^942 + x^9 + x^8 + x^6 + x^3 + x^2 + 1
x^943 + x^10 + x^8 + x^7 + x^6 + x^3 + x^2 + x + 1
x^944 + x^9 + x^7 + x^6 + x^5 + x^4 + x^3 + x + 1
x^945 + x^8 + x^7 + x^6 + x^4 + x^3 + 1
x^946 + x^10 + x^7 + x^6 + x^4 + x^2 + 1
x^947 + x^8 + x^7 + x^6 + x^2 + x + 1
x^948 + x^11 + x^10 + x^9 + x^7 + x^6 + x^5 + x^4 + x^3 + x + 1
x^949 + x^8 + x^3 + x^2 + 1
x^950 + x^8 + x^7 + x^5 + x^3 + x + 1
x^951 + x^7 + x^6 + x + 1
x^952 + x^10 + x^7 + x^6 + x^4 + x^2 + 1
x^953 + x^9 + x^8 + x^6 + x^4 + x^3 + x^2 + x + 1
x^954 + x^9 + x^7 + x^3 + x^2 + x + 1
x^955 + x^7 + x^5 + x^3 + x^2 + x + 1
x^956 + x^6 + x^5 + x^4 + 1
x^957 + x^10 + x^9 + x^6 + 1
x^958 + x^9 + x^5 + x^4 + x^2 + x + 1
x^959 + x^12 + x^7 + x^5 + x^4 + x + 1
x^960 + x^8 + x^7 + x^5 + x^4 + x^3 + 1
x^961 + x^11 + x^9 + x^8 + x^7 + x^6 + x^5 + x^3 + 1
x^962 + x^10 + x^7 + x^6 + x^5 + x^4 + x^2 + x + 1
x^963 + x^10 + x^8 + x^7 + x^6 + x^5 + x^3 + x^2 + 1
x^964 + x^6 + x^4 + x + 1
x^965 + x^10 + x^6 + x^5 + x^4 + x + 1
x^966 + x^11 + x^7 + x^6 + x^4 + x^3 + x^2 + x + 1
x^967 + x^9 + x^8 + x^7 + x^6 + x^5 + x^3 + x + 1
x^968 + x^11 + x^9 + x^8 + x^7 + x^4 + x^3 + x^2 + 1
x^969 + x^8 + x^7 + x^5 + x^4 + x^3 + 1
x^970 + x^9 + x^8 + x^7 + x^4 + x + 1
x^971 + x^6 + x^2 + x + 1
x^972 + x^11 + x^9 + x^7 + x^4 + x^3 + x^2 + x + 1
x^973 + x^10 + x^8 + x^7 + x^4 + x^3 + x^2 + x + 1
x^974 + x^6 + x^4 + x^3 + x^2 + x + 1
x^975 + x^11 + x^10 + x^9 + x^8 + x^5 + x^4 + x^2 + 1
x^976 + x^9 + x^8 + x^6 + x^3 + x^2 + 1
x^977 + x^6 + x^3 + x^2 + 1
x^978 + x^11 + x^7 + x^5 + 1
x^979 + x^9 + x^8 + x^6 + x^4 + x^3 + x^2 + x + 1
x^980 + x^8 + x^7 + x^6 + 1
x^981 + x^8 + x^6 + x^4 + x^3 + x^2 + 1
x^982 + x^7 + x^6 + x^2 + 1
x^983 + x^10 + x^4 + x^3 + 1
x^984 + x^11 + x^8 + x^7 + x^6 + x^4 + 1
x^985 + x^8 + x^4 + x^2 + 1
x^986 + x^10 + x^9 + x^7 + x^6 + x^5 + x^4 + x^3 + x^2 + x + 1
x^987 + x^8 + x^6 + x^5 + x^3 + x^2 + 1
x^988 + x^10 + x^9 + x^8 + x^7 + x^4 + 1
x^989 + x^7 + x^6 + x^5 + x^3 + x + 1
x^990 + x^11 + x^10 + x^8 + x^4 + x + 1
factor file missing for  2^991 - 1, further warnings suppressed
x^992 + x^9 + x^8 + x^6 + x^4 + x + 1
x^993 + x^10 + x^8 + x + 1
x^994 + x^10 + x^7 + x^6 + x^4 + x + 1
x^995 + x^8 + x^6 + x^5 + x^4 + x + 1
x^996 + x^11 + x^8 + x + 1
x^997 + x^7 + x^5 + x^4 + x^2 + x + 1
x^998 + x^9 + x^8 + x^7 + x^6 + x^4 + x^3 + x^2 + 1
x^999 + x^9 + x^8 + x^5 + x^4 + x + 1
x^1000 + x^11 + x^9 + x^8 + x^6 + x^5 + x^3 + x^2 + 1
x^1001 + x^5 + x^3 + x + 1
x^1002 + x^5 + x^3 + x^2 + 1
x^1003 + x^8 + x^6 + x^5 + x^4 + x + 1
x^1004 + x^8 + x^7 + x^6 + x^5 + x^4 + 1
x^1005 + x^9 + x^8 + x^7 + x^6 + x^4 + x^2 + x + 1
x^1006 + x^5 + x^4 + x^3 + 1
x^1007 + x^8 + x^3 + x + 1
x^1008 + x^12 + x^10 + x^9 + x^8 + x^7 + x^6 + x^5 + 1
x^1009 + x^11 + x^4 + x^2 + 1
x^1010 + x^10 + x^7 + x^2 + 1
x^1011 + x^5 + x^4 + x^3 + x^2 + x + 1
x^1012 + x^9 + x^2 + x + 1
x^1013 + x^7 + x^5 + x^3 + x^2 + x + 1
x^1014 + x^9 + x^5 + x^3 + x^2 + x + 1
x^1015 + x^11 + x^7 + x^5 + x^3 + x^2 + 1
x^1016 + x^10 + x^9 + x^8 + x^7 + x + 1
x^1017 + x^6 + x^5 + x^4 + x^2 + x + 1
x^1018 + x^10 + x^9 + x^7 + x^6 + x^5 + x^4 + x^2 + 1
x^1019 + x^10 + x^8 + x + 1
x^1020 + x^12 + x^9 + x^6 + x^4 + x^3 + x^2 + x + 1
x^1021 + x^5 + x^2 + x + 1
x^1022 + x^12 + x^11 + x^9 + x^5 + x^4 + x^3 + x + 1
x^1023 + x^7 + 1
x^1024 + x^9 + x^8 + x^7 + x^5 + x + 1
x^1025 + x^7 + x^6 + x^5 + x^4 + x^2 + 1
x^1026 + x^9 + x^7 + x^6 + x^4 + x^3 + 1
x^1027 + x^12 + x^9 + x^8 + x^6 + x^5 + x^2 + x + 1
x^1028 + x^9 + x^5 + x + 1
x^1029 + x^9 + x^8 + x^3 + 1
x^1030 + x^11 + x^6 + x^3 + x^2 + x + 1
x^1031 + x^7 + x^5 + x^4 + x^3 + x + 1
x^1032 + x^12 + x^11 + x^10 + x^8 + x^6 + x^5 + x^3 + x^2 + x + 1
x^1033 + x^10 + x^7 + x^5 + x^4 + x^3 + x^2 + x + 1
x^1034 + x^10 + x^9 + x^8 + x^7 + x^5 + x^2 + x + 1
x^1035 + x^10 + x^7 + x^4 + x^2 + x + 1
x^1036 + x^11 + x^9 + x^4 + x^2 + x + 1
x^1037 + x^11 + x^8 + x^6 + x^5 + x^3 + 1
x^1038 + x^11 + x^8 + x^7 + x^6 + x^3 + 1
x^1039 + x^5 + x^4 + x^2 + 1
x^1040 + x^11 + x^9 + x^8 + x^5 + x^4 + x^3 + x + 1
x^1041 + x^8 + x^5 + x + 1
x^1042 + x^12 + x^11 + x^10 + x^4 + x^2 + 1
x^1043 + x^10 + x^7 + x^6 + 1
x^1044 + x^9 + x^8 + x^4 + x^3 + x^2 + 1
x^1045 + x^9 + x^7 + x^6 + x^5 + x^4 + x^3 + x + 1
x^1046 + x^10 + x^8 + x^7 + x^4 + x^3 + x^2 + x + 1
x^1047 + x^10 + 1
x^1048 + x^11 + x^9 + x^6 + x^5 + x^4 + x^3 + x^2 + 1
x^1049 + x^11 + x^5 + x^3 + 1
x^1050 + x^12 + x^10 + x^7 + x^6 + x^5 + x^4 + x + 1
x^1051 + x^8 + x^6 + x^5 + x^4 + x + 1
x^1052 + x^8 + x^7 + x + 1
x^1053 + x^10 + x^9 + x + 1
x^1054 + x^10 + x^9 + x^7 + x^6 + x^4 + 1
x^1055 + x^10 + x^9 + x^5 + x^4 + x + 1
x^1056 + x^9 + x^6 + x^4 + x^3 + x + 1
x^1057 + x^10 + x^5 + x^3 + x^2 + x + 1
x^1058 + x^9 + x^8 + x^7 + x^6 + x^5 + x^4 + x^2 + 1
x^1059 + x^6 + x^3 + x + 1
x^1060 + x^10 + x^9 + x^4 + x^2 + x + 1
x^1061 + x^10 + x^3 + x + 1
x^1062 + x^5 + x^2 + x + 1
x^1063 + x^10 + x^7 + x^6 + x^3 + x + 1
x^1064 + x^12 + x^9 + x^6 + x^5 + x^3 + 1
x^1065 + x^8 + x^7 + x^5 + 1
x^1066 + x^10 + x^9 + x^3 + 1
x^1067 + x^10 + x^8 + x^7 + x^4 + x^3 + x^2 + x + 1
x^1068 + x^12 + x^6 + x^4 + x^3 + x + 1
x^1069 + x^8 + x^7 + x^6 + x^3 + x^2 + 1
x^1070 + x^11 + x^10 + x^6 + x^5 + x + 1
x^1071 + x^9 + x^7 + x^6 + x^5 + x^3 + x^2 + x + 1
x^1072 + x^9 + x^8 + x^6 + x^2 + x + 1
x^1073 + x^8 + x^7 + x^6 + x^3 + x + 1
x^1074 + x^10 + x^9 + x^8 + x^5 + x^4 + x^3 + x^2 + 1
x^1075 + x^11 + x^10 + x^8 + x^7 + x^5 + x^3 + x^2 + 1
x^1076 + x^10 + x^9 + x^8 + x^5 + x^4 + 1
x^1077 + x^7 + x^5 + x^4 + x^2 + x + 1
x^1078 + x^11 + x^10 + x^8 + x^7 + x^6 + x^5 + x^4 + x^2 + x + 1
x^1079 + x^11 + x^10 + x^8 + x^7 + x^3 + 1
x^1080 + x^11 + x^10 + x^9 + x^7 + x^6 + x^4 + x + 1
x^1081 + x^10 + x^8 + x^7 + x^5 + x^3 + 1
x^1082 + x^8 + x^6 + x^5 + x^4 + x + 1
x^1083 + x^10 + x^7 + x^5 + x^3 + x^2 + 1
x^1084 + x^11 + x^10 + x^6 + x^5 + x^2 + 1
x^1085 + x^8 + x^7 + x^6 + x^5 + x + 1
x^1086 + x^10 + x^9 + x^4 + 1
x^1087 + x^8 + x^7 + x^3 + 1
x^1088 + x^11 + x^10 + x^8 + x^7 + x^6 + x^5 + x^3 + 1
x^1089 + x^6 + x^5 + x^4 + x^3 + x + 1
x^1090 + x^8 + x^2 + x + 1
x^1091 + x^9 + x^7 + x^5 + x^4 + x + 1
x^1092 + x^10 + x^9 + x^7 + x^5 + x^4 + x^2 + x + 1
x^1093 + x^7 + x^6 + x + 1
x^1094 + x^5 + x^4 + x^3 + 1
x^1095 + x^5 + x^4 + x^2 + 1
x^1096 + x^8 + x^7 + x^6 + x^3 + x^2 + 1
x^1097 + x^11 + x^10 + x^8 + x^6 + x^4 + 1
x^1098 + x^12 + x^9 + x^6 + x^4 + x^3 + 1
x^1099 + x^8 + x^6 + x^5 + x^4 + x + 1
x^1100 + x^11 + x^9 + x^8 + x^7 + x^6 + x^4 + x^3 + 1
x^1101 + x^9 + x^7 + x^4 + 1
x^1102 + x^9 + x^8 + x^6 + x^5 + x^3 + 1
x^1103 + x^10 + x^9 + x^4 + x^3 + x^2 + 1
x^1104 + x^10 + x^9 + x^7 + x^6 + x^5 + x^4 + x + 1
x^1105 + x^11 + x^9 + x^8 + x^7 + x^4 + x^3 + x + 1
x^1106 + x^9 + x^8 + x^7 + x^5 + x^4 + 1
x^1107 + x^11 + x^10 + x^8 + x^7 + x^6 + x^3 + x + 1
x^1108 + x^9 + x^8 + x^6 + x^5 + x + 1
x^1109 + x^10 + x^9 + x^6 + x^3 + x + 1
x^1110 + x^9 + x^8 + x^7 + x^6 + x^4 + x^2 + x + 1
x^1111 + x^7 + x^6 + x^4 + 1
x^1112 + x^10 + x^9 + x^8 + x^6 + x^5 + x^3 + x + 1
x^1113 + x^10 + x^9 + x^8 + x^7 + x^3 + 1
x^1114 + x^11 + x^10 + x^9 + x^8 + x^7 + x^5 + x^4 + x^2 + x + 1
x^1115 + x^9 + x^8 + x^5 + x^4 + x^3 + x^2 + x + 1
x^1116 + x^5 + x^4 + x^2 + 1
x^1117 + x^8 + x^6 + x^5 + x^2 + x + 1
x^1118 + x^9 + x^7 + x^5 + 1
x^1119 + x^11 + x^5 + x^2 + 1
x^1120 + x^12 + x^9 + x^8 + x^7 + x^5 + 1
x^1121 + x^9 + x^7 + x^6 + x^2 + x + 1
x^1122 + x^10 + x^8 + x^6 + x^5 + x^3 + 1
x^1123 + x^11 + x^10 + x^6 + x^5 + x + 1
x^1124 + x^11 + x^8 + x^7 + x^6 + x^4 + 1
x^1125 + x^7 + x^6 + x^4 + x^3 + x + 1
x^1126 + x^11 + x^9 + x^7 + x^6 + x^5 + x^3 + x + 1
x^1127 + x^5 + x^4 + x^3 + x^2 + x + 1
x^1128 + x^7 + x^3 + x + 1
x^1129 + x^8 + x^6 + x^5 + 1
x^1130 + x^8 + x^7 + x^6 + x^3 + x + 1
x^1131 + x^10 + x^6 + x + 1
x^1132 + x^10 + x^9 + x^8 + x^2 + x + 1
x^1133 + x^7 + x^6 + x^3 + x^2 + x + 1
x^1134 + x^12 + x^11 + x^10 + x^9 + x^7 + x^6 + x^2 + 1
x^1135 + x^9 + 1
x^1136 + x^8 + x^6 + x^5 + x^4 + x^2 + 1
x^1137 + x^9 + x^7 + x^6 + x^4 + x + 1
x^1138 + x^7 + x^4 + x^3 + 1
x^1139 + x^10 + x^9 + x^7 + x^6 + x^4 + x^2 + x + 1
x^1140 + x^11 + x^10 + x^9 + x^2 + x + 1
x^1141 + x^11 + x^8 + x^7 + x^6 + x^5 + x^4 + x + 1
x^1142 + x^7 + x^6 + x^3 + x^2 + x + 1
x^1143 + x^7 + x^2 + x + 1
x^1144 + x^10 + x^9 + x^8 + x^7 + x^6 + x^2 + x + 1
x^1145 + x^10 + x^9 + x^7 + x^5 + x^4 + x^3 + x + 1
x^1146 + x^12 + x^10 + x^9 + x^5 + x^4 + x^2 + x + 1
x^1147 + x^7 + x^6 + x^3 + 1
x^1148 + x^11 + x^10 + x^8 + x^6 + x^3 + x^2 + x + 1
x^1149 + x^12 + x^11 + x^7 + x^6 + x^2 + 1
x^1150 + x^10 + x^8 + x^3 + x^2 + x + 1
x^1151 + x^9 + x^8 + x^6 + x^5 + x^2 + 1
x^1152 + x^9 + x^8 + x^5 + x^3 + x^2 + 1
x^1153 + x^11 + x^10 + x^9 + x^8 + x^4 + x^3 + x + 1
x^1154 + x^9 + x^2 + x + 1
x^1155 + x^12 + x^11 + x^8 + x^7 + x^6 + x^5 + x^4 + 1
x^1156 + x^9 + x^8 + x^7 + x^6 + x^5 + x^4 + x^3 + 1
x^1157 + x^8 + x^7 + x^3 + 1
x^1158 + x^8 + x^4 + x + 1
x^1159 + x^8 + x^5 + x^4 + x^3 + x + 1
x^1160 + x^12 + x^11 + x^9 + x^7 + x^5 + x^3 + x + 1
x^1161 + x^6 + x^5 + x^4 + x^2 + x + 1
x^1162 + x^8 + x^6 + x^5 + x^4 + x + 1
x^1163 + x^9 + x^7 + x^3 + x^2 + x + 1
x^1164 + x^10 + x^9 + x^6 + x^4 + x^2 + 1
x^1165 + x^8 + x^6 + x + 1
x^1166 + x^11 + x^9 + x^8 + x^4 + x^3 + x^2 + x + 1
x^1167 + x^9 + x^8 + x^6 + x^3 + x^2 + 1
x^1168 + x^12 + x^7 + x^2 + 1
x^1169 + x^8 + x^6 + x^5 + x^2 + x + 1
x^1170 + x^11 + x^9 + x^3 + x^2 + x + 1
x^1171 + x^6 + x^5 + x + 1
x^1172 + x^11 + x^9 + x^7 + x^5 + x^3 + x^2 + x + 1
x^1173 + x^9 + x^8 + x^7 + x^4 + x^2 + 1
x^1174 + x^10 + x^9 + x^2 + 1
x^1175 + x^6 + x^5 + x^4 + x^3 + x + 1
x^1176 + x^11 + x^9 + x^7 + x^5 + x^4 + x^3 + x + 1
x^1177 + x^10 + x^9 + x^6 + x^5 + x^4 + x^3 + x + 1
x^1178 + x^9 + x^8 + x^6 + x^5 + x^3 + x^2 + x + 1
x^1179 + x^6 + x^5 + x^3 + x^2 + x + 1
x^1180 + x^6 + x^4 + x^3 + 1
x^1181 + x^10 + x^5 + x^4 + x^3 + x + 1
x^1182 + x^11 + x^10 + x^8 + x^7 + x^6 + x^3 + x + 1
x^1183 + x^9 + x^8 + x^7 + x^6 + x^3 + x^2 + x + 1
x^1184 + x^5 + x^3 + x^2 + 1
x^1185 + x^8 + x^7 + x^5 + x^4 + x^3 + 1
x^1186 + x^10 + x^6 + x^5 + 1
x^1187 + x^8 + x^7 + x^5 + x^3 + x + 1
x^1188 + x^9 + x^4 + x^3 + x^2 + x + 1
x^1189 + x^8 + x^3 + x + 1
x^1190 + x^10 + x^9 + x^8 + x^6 + x + 1
x^1191 + x^7 + x^6 + x + 1
x^1192 + x^9 + x^8 + x^7 + 1
x^1193 + x^10 + x^9 + x^2 + 1
x^1194 + x^11 + x^10 + x^9 + x^7 + x^6 + x^5 + x^4 + 1
x^1195 + x^12 + x^10 + x^5 + x^4 + x^2 + 1
x^1196 + x^13 + x^10 + x^9 + x^7 + x^6 + x^4 + x^3 + 1
x^1197 + x^9 + x^8 + x^2 + 1
x^1198 + x^9 + x^6 + x^5 + x^4 + x^3 + x^2 + x + 1
x^1199 + x^11 + x^8 + x^5 + x^4 + x^3 + x^2 + x + 1
x^1200 + x^10 + x^7 + x^6 + x^3 + x^2 + 1
x^1201 + x^9 + x^8 + x^6 + x^5 + x + 1
x^1202 + x^12 + x^11 + x^9 + x^7 + x^5 + x^3 + x + 1
x^1203 + x^8 + x^4 + x^2 + 1
x^1204 + x^12 + x^11 + x^10 + x^9 + x^8 + x^6 + x + 1
x^1205 + x^4 + x^2 + x + 1
x^1206 + x^8 + x^6 + x^3 + x^2 + x + 1
x^1208 + x^9 + x^8 + x^5 + x^3 + x^2 + 1
x^1209 + x^10 + x^8 + x^7 + x^6 + x^4 + x^3 + x^2 + 1
x^1210 + x^9 + x^7 + x^5 + 1
x^1211 + x^11 + x^10 + x^8 + x^7 + x^6 + x^2 + x + 1
x^1212 + x^13 + x^11 + x^9 + x^7 + x^5 + x^4 + x + 1
x^1214 + x^9 + x^5 + x^4 + 1
x^1215 + x^11 + x^10 + x^5 + x^4 + x + 1
x^1216 + x^11 + x^9 + x^5 + x^4 + x^2 + 1
x^1218 + x^11 + x^9 + x^6 + x^4 + x^2 + 1
x^1220 + x^10 + x^9 + x^8 + x^5 + x^3 + x^2 + x + 1
x^1221 + x^9 + x^8 + x^6 + x^5 + x + 1
x^1222 + x^10 + x^9 + x^8 + x^7 + x^6 + x^5 + x^4 + x^3 + x + 1
x^1223 + x^8 + x^6 + x + 1
x^1224 + x^9 + x^7 + x^6 + x^5 + x^4 + x^2 + x + 1
x^1225 + x^10 + x^9 + x^8 + x^7 + x^6 + x^4 + x^2 + 1
x^1226 + x^10 + x^8 + x^7 + x^6 + x^2 + 1
x^1227 + x^9 + x^8 + x^7 + x^3 + x^2 + 1
x^1228 + x^9 + x^4 + x + 1
x^1230 + x^11 + x^9 + x^3 + x^2 + x + 1
x^1232 + x^7 + x^6 + x^3 + x^2 + x + 1
x^1233 + x^11 + x^6 + x^3 + 1
x^1234 + x^11 + x^9 + x^8 + x^7 + x + 1
x^1235 + x^11 + x^9 + x^8 + x^6 + x^5 + x^4 + x^3 + x^2 + x + 1
x^1236 + x^9 + x^8 + x^7 + x^3 + x + 1
x^1238 + x^10 + x^9 + x^8 + x^7 + x^6 + x^5 + x^3 + x^2 + x + 1
x^1239 + x^4 + 1
x^1240 + x^12 + x^9 + x^8 + x^7 + x^5 + 1
x^1241 + x^11 + x^10 + x^9 + x^7 + x^6 + x^3 + x^2 + 1
x^1242 + x^12 + x^9 + x^8 + x^6 + x^5 + x^4 + x^3 + 1
x^1244 + x^10 + x^7 + x^6 + x^5 + x^4 + x^2 + x + 1
x^1245 + x^11 + x^9 + x^6 + x^5 + x^4 + x^3 + x + 1
x^1246 + x^11 + x^10 + x^5 + 1
x^1247 + x^9 + x^7 + x^6 + x^2 + x + 1
x^1248 + x^13 + x^12 + x^6 + x^5 + x^4 + 1
x^1250 + x^11 + x^9 + x^8 + x^6 + x^2 + 1
x^1251 + x^11 + x^8 + x^7 + x^5 + x^4 + 1
x^1252 + x^9 + x^5 + x + 1
x^1254 + x^11 + x^10 + x^9 + x^4 + x^3 + x^2 + x + 1
x^1256 + x^11 + x^9 + x^8 + x^6 + x^4 + x^2 + x + 1
x^1257 + x^10 + x^8 + x^7 + x^6 + x^4 + x^2 + x + 1
x^1258 + x^9 + x^6 + x^4 + 1
x^1260 + x^9 + x^8 + x^7 + x^5 + x^4 + x^3 + x^2 + 1
x^1262 + x^7 + x^4 + x^2 + 1
x^1263 + x^11 + x^9 + x^6 + x^5 + x^4 + x^2 + x + 1
x^1264 + x^8 + x^6 + x^5 + x^4 + x + 1
x^1266 + x^6 + x^5 + x^4 + x^2 + x + 1
x^1267 + x^9 + x^5 + x^2 + 1
x^1268 + x^10 + x^9 + x^6 + x^3 + x^2 + 1
x^1269 + x^11 + x^10 + x^5 + x^4 + x^3 + 1
x^1270 + x^10 + x^8 + x^7 + x^5 + x^4 + x^3 + x^2 + 1
x^1271 + x^11 + x^7 + x^6 + x^5 + x^4 + x^2 + x + 1
x^1272 + x^13 + x^12 + x^11 + x^7 + x^6 + x^4 + x^2 + 1
x^1273 + x^10 + x^8 + x^7 + x^6 + x^4 + x^2 + x + 1
x^1274 + x^12 + x^9 + x^8 + x^7 + x^5 + x^2 + x + 1
x^1275 + x^10 + x^8 + x^4 + x^3 + x^2 + 1
x^1276 + x^11 + x^10 + x^7 + x^6 + x^4 + x^2 + x + 1
x^1278 + x^10 + x^9 + x^8 + x^6 + x^4 + 1
x^1279 + x^11 + x^9 + x^8 + x^5 + x^3 + x^2 + x + 1
x^1280 + x^10 + x^9 + x^8 + x^7 + x^5 + x^4 + x^2 + 1
x^1281 + x^10 + x^9 + x^6 + x^5 + x^4 + 1
x^1282 + x^12 + x^8 + x^7 + x^5 + x^4 + 1
x^1284 + x^14 + x^11 + x^10 + x^7 + x^2 + 1
x^1286 + x^8 + x^7 + x^6 + x^4 + x^3 + 1
x^1287 + x^7 + x^6 + x + 1
x^1288 + x^11 + x^10 + x^8 + x^7 + x^4 + x^3 + x^2 + 1
x^1289 + x^10 + x^7 + x^6 + x^5 + x^4 + x^3 + x + 1
x^1290 + x^10 + x^4 + x^3 + 1
x^1292 + x^8 + x^7 + x^5 + x^4 + x^3 + 1
x^1293 + x^12 + x^9 + x^8 + x^6 + x^5 + x^3 + x + 1
x^1294 + x^9 + x^8 + x^2 + 1
x^1295 + x^10 + x^5 + x + 1
x^1296 + x^11 + x^10 + x^8 + x^7 + x^6 + x^5 + x^4 + x^2 + x + 1
x^1298 + x^10 + x^9 + x^8 + x^2 + x + 1
x^1299 + x^10 + x^9 + x^8 + x^6 + x^5 + x^2 + x + 1
x^1300 + x^12 + x^11 + x^10 + x^9 + x^8 + x^4 + x^3 + x^2 + x + 1
x^1302 + x^12 + x^9 + x^7 + x^5 + x^4 + 1
x^1304 + x^11 + x^9 + x^8 + x^7 + x^4 + x^3 + x^2 + 1
x^1306 + x^11 + x^8 + x^7 + 1
x^1308 + x^11 + x^9 + x^8 + x^6 + x + 1
x^1310 + x^12 + x^10 + x^7 + x^6 + x^2 + 1
x^1312 + x^9 + x^7 + x^6 + x^5 + x^3 + 1
x^1314 + x^6 + x^5 + x^4 + x^3 + x + 1
x^1316 + x^11 + x^10 + x^8 + x^4 + x^3 + 1
x^1318 + x^11 + x^10 + x^7 + x^5 + x^4 + x^3 + x^2 + 1
x^1320 + x^13 + x^10 + x^7 + x^6 + x^5 + x^3 + x + 1
x^1322 + x^10 + x^7 + x^6 + x^2 + x + 1
x^1324 + x^8 + x^7 + x^3 + x^2 + x + 1
x^1326 + x^7 + x^6 + x^4 + x^3 + x^2 + 1
x^1328 + x^11 + x^9 + x^8 + x^6 + x^2 + 1
x^1330 + x^10 + x^6 + x^5 + x^4 + x^3 + x^2 + x + 1
x^1332 + x^12 + x^10 + x^8 + x^6 + x^5 + 1
x^1334 + x^12 + x^8 + x^7 + x^5 + x^4 + x^2 + x + 1
x^1336 + x^8 + x^3 + x^2 + 1
x^1338 + x^11 + x^8 + x^6 + x^5 + x^2 + 1
x^1340 + x^10 + x^8 + x^6 + x^5 + x^2 + 1
x^1342 + x^10 + x^9 + x^8 + x^7 + x^6 + x^3 + x + 1
x^1344 + x^10 + x^9 + x^8 + x^7 + x^5 + x^3 + x + 1
x^1346 + x^6 + x^3 + x^2 + 1
x^1348 + x^11 + x^10 + x^9 + x^8 + x^7 + x^6 + x^5 + x^4 + x^3 + x^2 + x + 1
x^1350 + x^10 + x^8 + x^7 + x^6 + x^3 + x^2 + x + 1
x^1352 + x^11 + x^10 + x^9 + x^7 + x^6 + x^3 + x + 1
x^1354 + x^7 + x^4 + x^3 + 1
x^1356 + x^8 + x^6 + x^3 + 1
x^1358 + x^9 + x^8 + x^6 + x^5 + x^3 + 1
x^1360 + x^11 + x^9 + x^5 + x^3 + x + 1
x^1362 + x^11 + x^10 + x^9 + x^4 + x^2 + 1
x^1364 + x^8 + x^7 + x^3 + 1
x^1366 + x + 1
x^1368 + x^10 + x^6 + x^5 + x^4 + x^3 + 1
x^1370 + x^9 + x^8 + x^7 + x^6 + x^5 + x^4 + x^2 + 1
x^1372 + x^10 + x^9 + x^8 + x^6 + x^4 + x^3 + x^2 + 1
x^1374 + x^8 + x^7 + x^6 + x^4 + x^3 + 1
x^1376 + x^12 + x^10 + x^8 + x^6 + x^5 + x^4 + x^2 + 1
x^1378 + x^7 + x^6 + x^3 + 1
x^1380 + x^9 + x^8 + x^7 + x^6 + x^2 + 1
x^1382 + x^10 + x^9 + x^2 + 1
x^1384 + x^8 + x^6 + x^3 + x^2 + x + 1
x^1386 + x^10 + x^9 + x^3 + x^2 + x + 1
x^1388 + x^11 + x^8 + x^5 + 1
x^1390 + x^12 + x^9 + x^5 + x^4 + x^2 + 1
x^1392 + x^12 + x^11 + x^10 + x^9 + x^4 + x^3 + x^2 + 1
x^1394 + x^10 + x^9 + x^6 + x^3 + x^2 + 1
x^1396 + x^11 + x^7 + x^6 + x^3 + x^2 + 1
x^1398 + x^10 + x^8 + x^7 + x^3 + x^2 + 1
x^1400 + x^11 + x^10 + x^9 + x^8 + x^7 + x^2 + x + 1
x^1402 + x^11 + x^10 + x^7 + x^5 + x^4 + x^3 + x + 1
x^1404 + x^9 + x^8 + x^6 + x^5 + x^4 + x^3 + x + 1
x^1406 + x^10 + x^7 + x^6 + x^5 + x + 1
x^1408 + x^11 + x^10 + x^9 + x^8 + x^7 + x^6 + x^3 + x^2 + x + 1
x^1410 + x^12 + x^10 + x^8 + x^7 + x^6 + x^2 + x + 1
x^1412 + x^12 + x^7 + x^4 + 1
x^1414 + x^11 + x^8 + x^4 + x^3 + x^2 + 1
x^1416 + x^10 + x^9 + x^6 + 1
x^1418 + x^5 + x^3 + x^2 + 1
x^1420 + x^8 + x^4 + x^3 + x^2 + x + 1
x^1422 + x^10 + x^7 + x^6 + x^5 + x^2 + 1
x^1424 + x^11 + x^6 + x^2 + 1
x^1426 + x^11 + x^5 + x^3 + 1
x^1428 + x^12 + x^8 + x^6 + x^5 + x^3 + 1
x^1430 + x^11 + x^8 + x^6 + x^5 + x^4 + 1
x^1432 + x^11 + x^10 + x^6 + 1
x^1434 + x^7 + x^6 + x^3 + x^2 + x + 1
x^1436 + x^9 + x^6 + x^5 + x^3 + x^2 + 1
x^1438 + x^13 + x^6 + x^4 + x^2 + x + 1
x^1440 + x^13 + x^12 + x^8 + x^7 + x^6 + x^4 + x^3 + x^2 + x + 1
x^1442 + x^9 + x^4 + x^2 + 1
x^1444 + x^7 + x^5 + x^3 + x^2 + x + 1
x^1446 + x^9 + x^7 + x^6 + x^5 + x^2 + 1
x^1448 + x^11 + x^10 + x^6 + x^3 + x + 1
x^1450 + x^9 + x^7 + x^5 + x^4 + x^3 + x^2 + x + 1
x^1452 + x^11 + x^10 + x^9 + x^8 + x^6 + x^5 + x^2 + 1
x^1454 + x^11 + x^6 + x^2 + 1
x^1456 + x^9 + x^4 + x^2 + 1
x^1458 + x^10 + x^8 + x^7 + x^6 + x^5 + x^4 + x + 1
x^1460 + x^10 + x^7 + x^6 + x^3 + x^2 + 1
x^1462 + x^10 + x^9 + x^4 + x^3 + x + 1
x^1464 + x^9 + x^7 + x^6 + x^5 + x^4 + x^3 + x^2 + 1
x^1466 + x^11 + x^10 + x^3 + 1
x^1468 + x^13 + x^12 + x^11 + x^9 + x^7 + x^4 + x^3 + 1
x^1470 + x^8 + x^5 + x + 1
x^1472 + x^11 + x^4 + x + 1
x^1474 + x^12 + x^8 + x^5 + x^2 + x + 1
x^1476 + x^11 + x^8 + x^3 + 1
x^1478 + x^13 + x^12 + x^8 + x^7 + x^6 + x^4 + x + 1
x^1480 + x^10 + x^9 + x^5 + x^3 + x^2 + 1
x^1482 + x^12 + x^11 + x^9 + x^6 + x^4 + x^3 + x^2 + 1
x^1484 + x^8 + x^7 + x^5 + x^4 + x^3 + 1
x^1486 + x^12 + x^10 + x^8 + x^7 + x^6 + x^5 + x + 1
x^1488 + x^9 + x^7 + x^6 + x^2 + x + 1
x^1490 + x^11 + x^9 + x^8 + x^6 + x^5 + x^4 + x^3 + 1
x^1492 + x^9 + x^6 + x^3 + x^2 + x + 1
x^1494 + x^12 + x^10 + x^9 + x^8 + x^7 + x^4 + x^3 + x^2 + x + 1
x^1496 + x^12 + x^11 + x^8 + x^7 + x^6 + x^5 + x + 1
x^1498 + x^13 + x^11 + x^6 + x^5 + x^4 + 1
x^1500 + x^9 + x^6 + x^5 + x^2 + x + 1
x^1502 + x^11 + x^8 + x^5 + x^3 + x + 1
x^1504 + x^8 + x^3 + x^2 + 1
x^1506 + x^13 + x^10 + x^9 + x^7 + x^5 + x^4 + x^3 + 1
x^1508 + x^9 + x^8 + x^7 + x^6 + x^5 + x^4 + x^2 + 1
x^1510 + x^11 + x^10 + x^9 + x^8 + x^6 + x^4 + x + 1
x^1512 + x^9 + x^8 + x^7 + x^6 + x^3 + x^2 + x + 1
x^1514 + x^11 + x^10 + x^8 + x^6 + x + 1
x^1516 + x^8 + x^6 + x^5 + x^4 + x^3 + 1
x^1518 + x^11 + x^8 + x^7 + x^6 + x^5 + x^3 + x + 1
x^1520 + x^9 + x^6 + x^4 + x^3 + x + 1
x^1522 + x^12 + x^8 + x^3 + x^2 + x + 1
x^1524 + x^7 + x^4 + x^3 + 1
x^1526 + x^11 + x^7 + x^6 + x^5 + x^4 + x^3 + x^2 + 1
x^1528 + x^10 + x^8 + x^7 + x^6 + x^2 + 1
x^1530 + x^13 + x^11 + x^10 + x^8 + x^6 + x^4 + x + 1
x^1532 + x^13 + x^11 + x^10 + x^8 + x^6 + x^2 + x + 1
x^1534 + x^11 + x^8 + x^5 + x^4 + x^3 + x^2 + x + 1
x^1536 + x^10 + x^8 + x^6 + x^3 + x + 1
x^1538 + x^6 + x^2 + x + 1
x^1540 + x^12 + x^11 + x^10 + x^9 + x^6 + 1
x^1542 + x^12 + x^11 + x^9 + x^2 + x + 1
x^1544 + x^8 + x^5 + x^4 + x^2 + x + 1
x^1546 + x^10 + x^7 + x^6 + x^5 + x^3 + x^2 + x + 1
x^1548 + x^11 + x^7 + x^5 + x^4 + x^2 + 1
x^1550 + x^8 + x^5 + x^4 + x^3 + x^2 + 1
x^1552 + x^11 + x^9 + x^6 + x^2 + x + 1
x^1554 + x^10 + x^7 + x^4 + x^3 + x + 1
x^1556 + x^12 + x^10 + x^9 + x^8 + x^6 + x^5 + x^4 + x^2 + x + 1
x^1558 + x^11 + x^7 + x^2 + 1
x^1560 + x^10 + x^9 + x^8 + x^6 + x^5 + x^4 + x + 1
x^1562 + x^10 + x^7 + x^2 + 1
x^1564 + x^7 + 1
x^1566 + x^12 + x^9 + x^8 + x^7 + x^6 + x^4 + x^2 + 1
x^1568 + x^12 + x^11 + x^8 + x^7 + x^3 + x^2 + x + 1
x^1570 + x^10 + x^9 + x^8 + x^6 + x^5 + x^3 + x + 1
x^1572 + x^9 + x^8 + x^2 + 1
x^1574 + x^9 + x^6 + x^5 + x^4 + x^3 + 1
x^1576 + x^11 + x^10 + x^8 + x^7 + x^6 + x^5 + x + 1
x^1578 + x^11 + x^6 + x^5 + x^4 + x^3 + 1
x^1580 + x^8 + x^7 + x^3 + 1
x^1582 + x^7 + x^5 + x^4 + x^2 + x + 1
x^1584 + x^12 + x^10 + x^8 + x^7 + x^4 + x^3 + x^2 + 1
x^1586 + x^10 + x^8 + x^7 + x^6 + x^4 + x^3 + x + 1
x^1588 + x^12 + x^11 + x^10 + x^8 + x^7 + x^6 + x^4 + 1
x^1590 + x^8 + x^5 + x^4 + x^3 + x + 1
x^1592 + x^12 + x^7 + x^5 + 1
x^1594 + x^10 + x^7 + x + 1
x^1596 + x^8 + x^5 + x^4 + x^3 + x + 1
x^1598 + x^11 + x^8 + x^6 + x^5 + x^4 + x^3 + x + 1
x^1600 + x^11 + x^6 + x^5 + x^4 + x^3 + 1
x^1602 + x^10 + x^2 + x + 1
x^1604 + x^10 + x^8 + x^5 + x^4 + x^3 + x^2 + x + 1
x^1606 + x^9 + x^7 + x^5 + x^4 + x + 1
x^1608 + x^10 + x^9 + x^7 + x^6 + x^5 + x^2 + x + 1
x^1610 + x^8 + x^6 + x^5 + x^3 + x^2 + 1
x^1612 + x^9 + x^8 + x^7 + x^6 + x^3 + 1
x^1614 + x^10 + x^9 + x^6 + x^5 + x^3 + x^2 + x + 1
x^1616 + x^9 + x^8 + x^7 + x^6 + x^3 + 1
x^1618 + x^6 + x^5 + x + 1
x^1620 + x^9 + x^8 + x^3 + 1
x^1622 + x^13 + x^9 + x^3 + x^2 + x + 1
x^1624 + x^11 + x^8 + x^5 + x^3 + x^2 + 1
x^1626 + x^11 + x^5 + x + 1
x^1628 + x^14 + x^12 + x^11 + x^7 + x^6 + x^5 + x^3 + 1
x^1630 + x^11 + x^8 + x^7 + x^5 + x^4 + x^2 + x + 1
x^1632 + x^12 + x^11 + x^9 + x^8 + x^7 + x^6 + x^4 + x^3 + x + 1
x^1634 + x^14 + x^10 + x^9 + x^6 + x^3 + x^2 + x + 1
x^1636 + x^11 + x^9 + x^4 + x^3 + x^2 + 1
x^1638 + x^11 + x^10 + x^9 + x^8 + x^7 + x^5 + x^4 + x^3 + x + 1
x^1640 + x^13 + x^11 + x^10 + x^8 + x^7 + x^3 + x^2 + 1
x^1642 + x^9 + x^6 + x^5 + x^4 + x^3 + 1
x^1644 + x^10 + x^8 + x^7 + x^6 + x^5 + x^3 + x + 1
x^1646 + x^11 + x^10 + x^9 + x^5 + x^2 + 1
x^1648 + x^13 + x^12 + x^11 + x^9 + x^6 + x^5 + x + 1
x^1650 + x^10 + x^9 + x^6 + x^4 + x^3 + 1
x^1652 + x^11 + x^10 + x^7 + x^4 + x^3 + x^2 + x + 1
x^1654 + x^9 + x^7 + x^6 + x^4 + x + 1
x^1656 + x^11 + x^7 + x^6 + x^4 + x^3 + x^2 + x + 1
x^1658 + x^11 + x^9 + x^8 + x^6 + x^5 + x^4 + x^3 + x^2 + x + 1
x^1660 + x^10 + x^6 + x^5 + x^4 + x + 1
x^1662 + x^12 + x^10 + x^9 + x^8 + x + 1
x^1664 + x^13 + x^10 + x^9 + x^7 + x^6 + x^5 + x + 1
x^1666 + x^11 + x^9 + x^8 + x^7 + x^6 + x^5 + x^4 + x^3 + x^2 + 1
x^1668 + x^9 + x^7 + x^6 + x^3 + x + 1
x^1670 + x^6 + x^5 + x^2 + 1
x^1672 + x^12 + x^11 + x^9 + x^8 + x^4 + 1
x^1674 + x^11 + x^10 + x^8 + x^7 + x^5 + x^4 + x^3 + x^2 + x + 1
x^1676 + x^10 + x^9 + x^8 + x^7 + x^6 + x^5 + x^4 + x^3 + x^2 + 1
x^1678 + x^10 + x^9 + x^7 + x^6 + x^5 + x^4 + x^3 + x^2 + x + 1
x^1680 + x^11 + x^6 + x^2 + 1
x^1682 + x^8 + x^4 + x^3 + x^2 + x + 1
x^1683 + x^9 + x^8 + x^7 + x^6 + x^5 + x^4 + x + 1
x^1684 + x^10 + x^4 + x^3 + 1
x^1686 + x^9 + x^8 + x^7 + x^5 + x^4 + x^3 + x + 1
x^1688 + x^12 + x^9 + x^6 + x^5 + x^3 + 1
x^1690 + x^9 + x^7 + x^6 + x^5 + x^4 + x^2 + x + 1
x^1692 + x^11 + x^9 + x^8 + x^7 + x^6 + x^3 + x + 1
x^1694 + x^8 + x^5 + x^2 + 1
x^1696 + x^13 + x^8 + x^7 + x^4 + x^2 + 1
x^1698 + x^10 + x^9 + x^8 + x^6 + x^4 + x^2 + x + 1
x^1700 + x^10 + x^9 + x^8 + x^6 + x^3 + 1
x^1702 + x^8 + x^7 + x^5 + x^4 + x^3 + x^2 + x + 1
x^1704 + x^12 + x^11 + x^10 + x^3 + x^2 + 1
x^1706 + x^9 + x^8 + x^7 + x^6 + x^5 + x^4 + x^2 + 1
x^1708 + x^12 + x^9 + x^8 + x^4 + x^3 + 1
x^1710 + x^13 + x^9 + x^8 + x^6 + x^5 + x^4 + x^2 + 1
x^1712 + x^10 + x^9 + x^7 + x^6 + x^3 + x^2 + x + 1
x^1714 + x^7 + x^6 + x^4 + 1
x^1716 + x^11 + x^10 + x^8 + x^5 + x^3 + x^2 + x + 1
x^1718 + x^11 + x^10 + x^8 + x^6 + x^5 + x^4 + x^2 + 1
x^1720 + x^12 + x^11 + x^9 + x^8 + x^6 + x^4 + x^2 + 1
x^1722 + x^6 + x^5 + x^4 + x^3 + x + 1
x^1724 + x^12 + x^8 + x^7 + x^5 + x + 1
x^1726 + x^5 + x^4 + x^3 + x^2 + x + 1
x^1727 + x^8 + x^4 + x^3 + 1
x^1728 + x^11 + x^10 + x^5 + 1
x^1730 + x^12 + x^11 + x^9 + x^8 + x^7 + x^6 + x^4 + 1
x^1732 + x^11 + x^7 + x^5 + x^4 + x^3 + 1
x^1734 + x^13 + x^11 + x^5 + x^2 + x + 1
x^1736 + x^10 + x^9 + x^8 + x^4 + x + 1
x^1738 + x^8 + x^2 + x + 1
x^1740 + x^11 + x^10 + x^9 + x^7 + x^6 + x^5 + x^4 + 1
x^1742 + x^12 + x^6 + x^5 + x^4 + x^3 + x^2 + x + 1
x^1744 + x^12 + x^10 + x^7 + x^6 + x^4 + x^3 + x^2 + 1
x^1746 + x^10 + x^7 + x^6 + x^5 + x^4 + x^2 + x + 1
x^1748 + x^8 + x^7 + x + 1
x^1750 + x^12 + x^10 + x^9 + x^8 + x^6 + x^5 + x^4 + 1
x^1752 + x^11 + x^8 + x^6 + x^5 + x^4 + x^3 + x + 1
x^1754 + x^9 + x^8 + x^6 + x^4 + x^3 + x^2 + x + 1
x^1756 + x^6 + x^5 + x^2 + 1
x^1758 + x^12 + x^7 + x^4 + x^3 + x^2 + 1
x^1760 + x^11 + x^9 + x^6 + x^5 + x^4 + x^2 + x + 1
x^1762 + x^11 + x^10 + x^9 + x^7 + x^6 + x^5 + x + 1
x^1764 + x^11 + x^10 + x^9 + x^7 + x^6 + x^5 + x^4 + x^2 + x + 1
x^1766 + x^10 + x^3 + x^2 + 1
x^1768 + x^12 + x^9 + x^8 + x^7 + x^6 + x^5 + x^4 + x^2 + x + 1
x^1770 + x^13 + x^11 + x^7 + x^4 + x^2 + 1
x^1772 + x^7 + x^5 + x^4 + x^3 + x + 1
x^1774 + x^11 + x^10 + x^6 + x^5 + x + 1
x^1776 + x^13 + x^12 + x^11 + x^9 + x^5 + x^4 + x^3 + 1
x^1778 + x^10 + x^9 + x^8 + x^7 + x^6 + x^5 + x^4 + x^3 + x + 1
x^1780 + x^12 + x^11 + x^10 + x^9 + x^8 + x^7 + x^4 + 1
x^1781 + x^12 + x^10 + x^8 + x^7 + x^6 + x^3 + x^2 + 1
x^1782 + x^10 + x^9 + x^5 + x^4 + x^2 + 1
x^1784 + x^10 + x^7 + x^5 + x^4 + x^3 + 1
x^1786 + x^10 + x^9 + x^6 + x^3 + x^2 + 1
x^1788 + x^14 + x^9 + x^6 + x^5 + x + 1
x^1790 + x^11 + x^9 + x^8 + x^5 + x^4 + 1
x^1792 + x^7 + x^5 + x^3 + x^2 + x + 1
x^1794 + x^11 + x^10 + x^9 + x^8 + x^7 + x^4 + x^3 + x^2 + x + 1
x^1796 + x^11 + x^10 + x^9 + x^8 + x^7 + x^5 + x^4 + 1
x^1798 + x^13 + x^11 + x^10 + x^9 + x^7 + x^6 + x^4 + x^3 + x^2 + 1
x^1800 + x^12 + x^11 + x^10 + x^9 + x^8 + x^5 + x + 1
x^1802 + x^8 + x^6 + x^5 + x^4 + x^3 + x^2 + x + 1
x^1804 + x^13 + x^8 + x^2 + 1
x^1806 + x^13 + x^7 + x^6 + x^5 + x^3 + 1
x^1808 + x^8 + x^5 + x^3 + x^2 + x + 1
x^1810 + x^11 + x^10 + x^8 + x^7 + x^4 + x^3 + x + 1
x^1812 + x^8 + x^7 + x^6 + x^5 + x^4 + 1
x^1814 + x^6 + x^5 + x^2 + 1
x^1816 + x^11 + x^10 + x^8 + x^6 + x^5 + 1
x^1818 + x^10 + x^5 + x^4 + x^3 + x^2 + 1
x^1820 + x^13 + x^11 + x^10 + x^8 + x^6 + x^5 + x^4 + 1
x^1822 + x^11 + x^9 + x^8 + x^3 + x + 1
x^1824 + x^11 + x^9 + x^8 + x^6 + x^5 + x^3 + x^2 + 1
x^1826 + x^9 + x^6 + x^5 + x^4 + x + 1
x^1828 + x^10 + x^9 + x^6 + x^5 + x^4 + x^3 + x + 1
x^1830 + x^12 + x^10 + x^9 + x^8 + x^6 + x^5 + x^4 + 1
x^1832 + x^12 + x^10 + x^7 + x^3 + x^2 + 1
x^1834 + x^13 + x^12 + x^11 + x^10 + x^7 + x^3 + x^2 + 1
x^1836 + x^9 + x^8 + x^7 + x^6 + x^5 + x^4 + x + 1
x^1838 + x^6 + x^5 + x^2 + 1
x^1840 + x^11 + x^10 + x^9 + x^8 + x^7 + x^4 + x + 1
x^1842 + x^11 + x^10 + x^8 + x^7 + x^5 + 1
x^1844 + x^12 + x^8 + x^6 + x^3 + x + 1
x^1846 + x^10 + x^9 + x^2 + 1
x^1848 + x^11 + x^10 + x^9 + x^8 + x^7 + x^6 + x^5 + x^4 + x + 1
x^1850 + x^11 + x^9 + x^8 + x^6 + x^5 + x^4 + x + 1
x^1852 + x^11 + x^9 + x^6 + x^2 + x + 1
x^1854 + x^10 + x^9 + x^8 + x^6 + x^3 + x^2 + x + 1
x^1856 + x^12 + x^11 + x^8 + x^5 + x^2 + 1
x^1858 + x^10 + x^8 + x^5 + x^3 + x + 1
x^1860 + x^9 + x^8 + x^7 + x^4 + x^3 + 1
x^1862 + x^8 + x^7 + x^5 + x^4 + x^2 + 1
x^1864 + x^9 + x^8 + x^5 + x^3 + x + 1
x^1866 + x^10 + x^7 + x^5 + x^4 + x^3 + x^2 + x + 1
x^1868 + x^11 + x^10 + x^9 + x^5 + x^4 + 1
x^1870 + x^6 + x^4 + x^3 + 1
x^1872 + x^13 + x^12 + x^9 + x^8 + x^2 + 1
x^1874 + x^10 + x^9 + x^8 + x^4 + x^3 + 1
x^1876 + x^11 + x^9 + x^8 + x^6 + x^3 + 1
x^1878 + x^6 + x^5 + x^2 + 1
x^1880 + x^10 + x^9 + x^7 + x^5 + x^2 + 1
x^1882 + x^9 + x^6 + x + 1
x^1884 + x^11 + x^6 + x^5 + x^4 + x + 1
x^1886 + x^10 + x^7 + x^6 + x^5 + x^2 + 1
x^1888 + x^13 + x^8 + x^7 + x^6 + x^5 + x^3 + x + 1
x^1890 + x^12 + x^7 + x^6 + x^2 + x + 1
x^1892 + x^12 + x^10 + x^6 + x^4 + x^3 + 1
x^1894 + x^10 + x^9 + x^4 + x^3 + x + 1
x^1896 + x^11 + x^8 + x^6 + x^5 + x^4 + x^3 + x + 1
x^1898 + x^11 + x^10 + x^7 + x^5 + x^4 + x^3 + x^2 + 1
x^1900 + x^10 + x^8 + x^7 + x^6 + x^3 + x^2 + x + 1
x^1902 + x^8 + x^7 + x^4 + x^3 + x^2 + 1
x^1904 + x^12 + x^10 + x^9 + x^8 + x^6 + x^4 + x^2 + 1
x^1906 + x^10 + x^9 + x^6 + 1
x^1908 + x^8 + x^7 + x^4 + 1
x^1910 + x^12 + x^10 + x^9 + x^7 + x^6 + x^4 + x^3 + x^2 + x + 1
x^1912 + x^12 + x^11 + x^10 + x^6 + x^5 + x^3 + x^2 + 1
x^1914 + x^8 + x^7 + x^6 + x^4 + x^2 + 1
x^1916 + x^10 + x^9 + x^7 + x^6 + x^5 + x^4 + x^3 + 1
x^1918 + x^8 + x^7 + x^6 + x^5 + x^4 + x^3 + x + 1
x^1920 + x^11 + x^10 + x^9 + x^8 + x^7 + x^4 + x^3 + 1
x^1922 + x^11 + x^10 + x^8 + x^6 + x^5 + 1
x^1924 + x^13 + x^8 + x^5 + x^3 + x + 1
x^1926 + x^10 + x^7 + x^5 + x^3 + x^2 + 1
x^1928 + x^9 + x^5 + x^4 + x^3 + x + 1
x^1930 + x^12 + x^9 + x^8 + x^7 + x^5 + 1
x^1932 + x^8 + x^6 + x^3 + 1
x^1934 + x^12 + x^4 + x + 1
x^1936 + x^8 + x^7 + x^4 + x^3 + x + 1
x^1938 + x^12 + x^11 + x^6 + x^4 + x^2 + 1
x^1940 + x^11 + x^9 + x^8 + x^6 + x^4 + x^2 + x + 1
x^1942 + x^11 + x^9 + x^5 + x^2 + x + 1
x^1944 + x^10 + x^9 + x^7 + x^6 + x^5 + x^2 + x + 1
x^1946 + x^12 + x^10 + x^9 + x^5 + x^4 + x^3 + x^2 + 1
x^1948 + x^11 + x^10 + x^9 + x^7 + x^6 + x^2 + x + 1
x^1950 + x^11 + x^10 + x^9 + x^4 + x^3 + x^2 + x + 1
x^1952 + x^11 + x^10 + x^8 + x^6 + x^5 + x^2 + x + 1
x^1954 + x^11 + x^10 + x^9 + x^8 + x^3 + 1
x^1956 + x^11 + x^8 + x^7 + x^5 + x^4 + 1
x^1958 + x^7 + x^5 + x + 1
x^1960 + x^11 + x^10 + x^9 + x^7 + x + 1
x^1962 + x^9 + x^8 + x^4 + x^2 + x + 1
x^1964 + x^11 + x^9 + x^4 + x^3 + x + 1
x^1968 + x^10 + x^9 + x^7 + x^5 + x^3 + 1
x^1970 + x^10 + x^7 + x^2 + 1
x^1972 + x^12 + x^10 + x^9 + x^6 + x^4 + x^3 + x + 1
x^1974 + x^12 + x^8 + x^6 + x^5 + x^3 + 1
x^1976 + x^12 + x^11 + x^9 + x^8 + x^6 + x^5 + x^2 + 1
x^1980 + x^12 + x^10 + x^7 + x^6 + x^4 + 1
x^1984 + x^10 + x^7 + x^6 + x^4 + x + 1
x^1986 + x^10 + x^9 + x^8 + x^6 + x^5 + 1
x^1988 + x^6 + x^5 + x^4 + x^3 + x + 1
x^1990 + x^9 + x^6 + x + 1
x^1992 + x^6 + x^3 + x^2 + 1
x^1994 + x^11 + x^10 + x^8 + x^4 + x^3 + 1
x^1996 + x^9 + x^6 + x^5 + x^3 + x + 1
x^1998 + x^11 + x^9 + x^6 + x^5 + x^2 + 1
x^2000 + x^13 + x^11 + x^10 + x^9 + x^4 + 1
x^2002 + x^13 + x^12 + x^9 + x^6 + x^4 + x^2 + x + 1
x^2004 + x^12 + x^11 + x^8 + x^7 + x^3 + x^2 + x + 1
x^2006 + x^9 + x^7 + x^6 + x^5 + x + 1
x^2008 + x^11 + x^9 + x^7 + x^6 + x^3 + 1
x^2010 + x^7 + x^6 + x^5 + x^2 + x + 1
x^2012 + x^10 + x^9 + x^8 + x^7 + x^6 + x^5 + x^3 + 1
x^2014 + x^9 + x^7 + x^6 + 1
x^2016 + x^13 + x^12 + x^11 + x^9 + x^8 + x^6 + x^5 + x^4 + x^3 + x^2 + x + 1
x^2020 + x^13 + x^9 + x^8 + x^7 + x + 1
x^2022 + x^9 + x^5 + x^4 + x^2 + x + 1
x^2024 + x^12 + x^9 + x^6 + x^5 + x^4 + x^3 + x + 1
x^2026 + x^9 + x^8 + x^5 + x^4 + x^3 + 1
x^2028 + x^12 + x^10 + x^8 + x^6 + x^4 + x^2 + x + 1
x^2030 + x^11 + x^7 + x^6 + x^3 + x + 1
x^2032 + x^7 + x^6 + x^2 + 1
x^2034 + x^11 + x^10 + x^9 + x^8 + x^7 + x^3 + x + 1
x^2036 + x^12 + x^11 + x^9 + x^8 + x^5 + x^4 + x^3 + 1
x^2040 + x^11 + x^9 + x^5 + x^3 + x + 1
x^2042 + x^7 + x^6 + x^3 + x^2 + x + 1
x^2044 + x^11 + x^10 + x^6 + x^5 + x^2 + 1
x^2046 + x^12 + x^11 + x^7 + x^6 + x^5 + 1
x^2048 + x^12 + x^11 + x^9 + x^6 + x^5 + x^4 + x^3 + x^2 + x + 1
x^2050 + x^11 + x^8 + x^7 + x^4 + x + 1
x^2052 + x^9 + x^7 + x^5 + x^3 + x^2 + 1
x^2054 + x^11 + x^10 + x^9 + x^8 + x^7 + x^6 + x^3 + 1
x^2058 + x^10 + x^8 + x^5 + x^4 + x^3 + 1
x^2060 + x^11 + x^9 + x^8 + x^7 + x^5 + x^4 + x^2 + 1
x^2062 + x^12 + x^11 + x^10 + x^8 + x^7 + x^6 + x^5 + x^2 + x + 1
x^2064 + x^14 + x^7 + x^4 + x^3 + x^2 + 1
x^2068 + x^9 + x^8 + x^7 + x^6 + x^4 + x^3 + x^2 + 1
x^2070 + x^10 + x^9 + x^8 + x^6 + x^5 + x^4 + x^3 + 1
x^2072 + x^12 + x^11 + x^5 + x^4 + x^3 + x^2 + x + 1
x^2076 + x^10 + x^9 + x^4 + x^3 + x + 1
x^2078 + x^10 + x^9 + x^8 + x^6 + x^4 + x^3 + x + 1
x^2080 + x^10 + x^9 + x^7 + x^5 + x^3 + x^2 + x + 1
x^2082 + x^8 + x^7 + x^2 + 1
x^2084 + x^11 + x^10 + x^6 + x^5 + x^4 + x^2 + x + 1
x^2086 + x^8 + x^5 + x^4 + 1
x^2088 + x^13 + x^12 + x^10 + x^9 + x^7 + x^6 + x^5 + x^4 + x^3 + 1
x^2090 + x^9 + x^4 + x + 1
x^2092 + x^11 + x^8 + x^7 + x^3 + x^2 + 1
x^2094 + x^13 + x^11 + x^9 + x^8 + x^7 + x^6 + x^3 + 1
x^2096 + x^11 + x^7 + x^5 + x^3 + x + 1
x^2098 + x^12 + x^6 + x^5 + x^3 + x^2 + 1
x^2100 + x^13 + x^11 + x^9 + x^7 + x^3 + 1
x^2102 + x^11 + x^10 + x^5 + x^4 + x^2 + 1
x^2106 + x^10 + x^9 + x^8 + x^4 + x^2 + 1
x^2108 + x^14 + x^7 + x^5 + x^3 + x + 1
x^2110 + x^12 + x^10 + x^8 + x^5 + x^4 + x^3 + x + 1
x^2112 + x^10 + x^8 + x^7 + x^6 + x^4 + x^2 + x + 1
x^2114 + x^11 + x^10 + x^9 + x^8 + x + 1
x^2116 + x^12 + x^9 + x^6 + x^5 + x^3 + x^2 + x + 1
x^2118 + x^12 + x^11 + x^9 + x^8 + x^5 + x^2 + x + 1
x^2120 + x^13 + x^9 + x^7 + x^6 + x^4 + x^3 + x + 1
x^2122 + x^10 + x^7 + x^5 + x^4 + x^2 + 1
x^2124 + x^13 + x^12 + x^11 + x^10 + x^9 + x^8 + x^7 + x^4 + x + 1
x^2128 + x^11 + x^10 + x^9 + x^7 + x^3 + x^2 + x + 1
x^2130 + x^11 + x^9 + x^8 + x^7 + x^4 + x^3 + x + 1
x^2132 + x^10 + x^9 + x^7 + x^3 + x^2 + 1
x^2136 + x^13 + x^12 + x^5 + x^4 + x^3 + 1
x^2138 + x^7 + x^5 + x^3 + x^2 + x + 1
x^2140 + x^12 + x^10 + x^8 + x^7 + x + 1
x^2142 + x^12 + x^9 + x^6 + x^5 + x^3 + x^2 + x + 1
x^2146 + x^8 + x^6 + x^5 + x^4 + x + 1
x^2148 + x^11 + x^10 + x^9 + x^6 + x^5 + x^3 + x + 1
x^2150 + x^8 + x^7 + x^5 + x^2 + x + 1
x^2154 + x^10 + x^7 + x^5 + 1
x^2156 + x^13 + x^10 + x^8 + x^7 + x + 1
x^2160 + x^10 + x^7 + x^5 + x^4 + x + 1
x^2162 + x^6 + x^5 + x^4 + x^2 + x + 1
x^2164 + x^12 + x^11 + x^8 + x^6 + x^4 + x^3 + x^2 + 1
x^2166 + x^9 + x^8 + x^6 + x^3 + x^2 + 1
x^2170 + x^10 + x^9 + x^8 + x^7 + x^6 + x^3 + x^2 + 1
x^2172 + x^6 + x^4 + x + 1
x^2176 + x^11 + x^8 + x^6 + x^3 + x + 1
x^2178 + x^9 + x^8 + x^4 + x^3 + x + 1
x^2180 + x^12 + x^10 + x^8 + x^7 + x^6 + x^4 + x + 1
x^2184 + x^12 + x^11 + x^10 + x^9 + x^7 + x^6 + x^4 + x^2 + x + 1
x^2186 + x^8 + x^7 + x^6 + x^4 + x^3 + 1
x^2188 + x^11 + x^10 + x^7 + x^6 + x^2 + 1
x^2190 + x^10 + x^9 + x^7 + x^3 + x^2 + 1
x^2192 + x^12 + x^9 + x^8 + x^7 + x^4 + x^3 + x^2 + 1
x^2196 + x^10 + x^8 + x^4 + x^2 + x + 1
x^2198 + x^10 + x^3 + x + 1
x^2202 + x^10 + x^8 + x^6 + x^3 + x^2 + 1
x^2203 + x^11 + x^10 + x^6 + x^4 + x + 1
x^2204 + x^11 + x^7 + x + 1
x^2206 + x^11 + x^8 + x^7 + x^5 + x^3 + 1
x^2208 + x^11 + x^9 + x^7 + x^3 + x^2 + 1
x^2210 + x^11 + x^10 + x^7 + x^6 + x^5 + x^4 + x + 1
x^2212 + x^11 + x^4 + x^2 + 1
x^2214 + x^8 + x^7 + x^6 + x^5 + x + 1
x^2220 + x^10 + x^7 + x^5 + x^4 + x^2 + 1
x^2222 + x^11 + x^9 + x + 1
x^2224 + x^13 + x^12 + x^11 + x^9 + x^7 + x^6 + x^2 + 1
x^2226 + x^11 + x^9 + x^8 + x^7 + x^5 + x^3 + x^2 + 1
x^2228 + x^9 + x^7 + x^5 + x^4 + x^3 + 1
x^2232 + x^11 + x^9 + x^6 + x^4 + x^2 + 1
x^2234 + x^10 + x^9 + x^8 + x^7 + x^5 + x^3 + x^2 + 1
x^2236 + x^8 + x^6 + x^5 + 1
x^2238 + x^12 + x^11 + x^10 + x^7 + x^6 + x^2 + x + 1
x^2240 + x^11 + x^9 + x^7 + x^6 + x^5 + x^2 + x + 1
x^2242 + x^7 + 1
x^2244 + x^10 + x^8 + x^5 + x^4 + x^2 + 1
x^2250 + x^7 + x^6 + x + 1
x^2252 + x^11 + x^9 + x^7 + x^5 + x^4 + x^2 + x + 1
x^2256 + x^9 + x^6 + x^5 + x^3 + x^2 + 1
x^2260 + x^13 + x^12 + x^11 + x^10 + x^9 + x^2 + x + 1
x^2262 + x^11 + x^10 + x^9 + x^7 + x^6 + 1
x^2264 + x^13 + x^5 + x^4 + x^3 + x^2 + 1
x^2268 + x^14 + x^11 + x^10 + x^7 + x^2 + 1
x^2274 + x^12 + x^11 + x^7 + x^3 + x + 1
x^2276 + x^12 + x^11 + x^7 + x^4 + x^3 + 1
x^2280 + x^13 + x^12 + x^9 + x^6 + x^4 + x^3 + x^2 + 1
x^2281 + x^9 + x^8 + x^7 + x^6 + x^2 + 1
x^2282 + x^12 + x^11 + x^10 + x^9 + x^7 + x^6 + x^2 + 1
x^2284 + x^9 + x^8 + x^7 + x^5 + x^3 + 1
x^2286 + x^9 + x^7 + x^4 + x^3 + x + 1
x^2290 + x^11 + x^10 + x^6 + x^4 + x + 1
x^2292 + x^12 + x^10 + x^8 + x^5 + x + 1
x^2296 + x^9 + x^8 + x^7 + x^6 + x^3 + x^2 + x + 1
x^2298 + x^12 + x^9 + x^7 + x^6 + x^5 + x^4 + x^2 + 1
x^2300 + x^12 + x^9 + x^6 + x^4 + x^3 + x^2 + x + 1
x^2304 + x^13 + x^11 + x^9 + x^7 + x^5 + x^4 + x^3 + 1
x^2308 + x^10 + x^8 + x^7 + x^6 + x^4 + 1
x^2310 + x^12 + x^9 + x^6 + x^5 + x^4 + x^2 + x + 1
x^2312 + x^12 + x^8 + x^6 + x^3 + x^2 + 1
x^2316 + x^10 + x^9 + x^7 + x^6 + x^5 + x^3 + x^2 + 1
x^2320 + x^10 + x^9 + x^6 + x^5 + x^3 + 1
x^2322 + x^13 + x^10 + x^9 + x^8 + x^7 + x^4 + x^3 + 1
x^2324 + x^12 + x^11 + x^8 + x^6 + x^4 + x^3 + x^2 + 1
x^2328 + x^13 + x^12 + x^9 + x^8 + x^7 + x^6 + x^5 + x^4 + x^3 + 1
x^2332 + x^11 + x^10 + x^9 + x^6 + x^5 + x^4 + x^3 + 1
x^2334 + x^13 + x^11 + x^9 + x^8 + x^7 + x^6 + x + 1
x^2338 + x^9 + x^8 + x^7 + x^5 + x^3 + 1
x^2340 + x^13 + x^10 + x^9 + x^8 + x^7 + x^6 + x^5 + x^4 + x^3 + 1
x^2342 + x^11 + x^9 + x^6 + x^5 + x^2 + 1
x^2344 + x^11 + x^9 + x^8 + x^6 + x^5 + x^3 + x^2 + 1
x^2346 + x^10 + x^8 + x^7 + x^5 + x^4 + x^2 + x + 1
x^2348 + x^13 + x^11 + x^9 + x^8 + x^6 + x^3 + x + 1
x^2350 + x^12 + x^11 + x^8 + x^7 + x + 1
x^2352 + x^13 + x^9 + x^7 + x^6 + x^5 + x^4 + x + 1
x^2353 + x^9 + x^8 + x^4 + x^3 + x^2 + 1
x^2354 + x^13 + x^12 + x^11 + x^10 + x^9 + x^8 + x^7 + x^3 + x + 1
x^2356 + x^9 + x^5 + x + 1
x^2358 + x^12 + x^9 + x^5 + x^3 + x^2 + 1
x^2362 + x^12 + x^11 + x^9 + x^8 + x^5 + x^2 + x + 1
x^2364 + x^8 + x^7 + x^6 + x^5 + x + 1
x^2368 + x^13 + x^11 + x^8 + 1
x^2370 + x^10 + x^9 + x^7 + x^6 + x + 1
x^2372 + x^8 + x^7 + x + 1
x^2376 + x^13 + x^8 + x^7 + x^6 + x^5 + x^3 + x + 1
x^2378 + x^11 + x^10 + x^9 + x^6 + x^4 + x^3 + x^2 + 1
x^2380 + x^12 + x^11 + x^8 + x^6 + x + 1
x^2382 + x^6 + x^5 + x^3 + 1
x^2384 + x^11 + x^10 + x^8 + x^7 + x^6 + x^5 + x^4 + 1
x^2386 + x^11 + x^9 + x + 1
x^2388 + x^11 + 1
x^2390 + x^10 + x^9 + x^8 + x^7 + x^5 + x^4 + x^2 + 1
x^2392 + x^13 + x^10 + x^7 + x^5 + x^4 + x^3 + x + 1
x^2394 + x^8 + x^6 + x^5 + x^4 + x + 1
x^2396 + x^13 + x^11 + x^10 + x^7 + x^5 + x^3 + x^2 + 1
x^2398 + x^11 + x^8 + x^5 + x^4 + x^2 + 1
x^2400 + x^11 + x^10 + x^9 + x^7 + x^6 + 1
x^2404 + x^12 + x^11 + x^9 + x^8 + x^6 + x^4 + x^3 + 1
x^2406 + x^8 + x^7 + x^6 + x^2 + x + 1
x^2412 + x^11 + x^9 + x^8 + x^6 + x^3 + 1
x^2418 + x^10 + x^8 + x^6 + x^5 + x^3 + 1
x^2420 + x^13 + x^12 + x^10 + x^9 + x^6 + x^4 + x^3 + x^2 + x + 1
x^2422 + x^13 + x^11 + x^8 + x^6 + x^5 + x^3 + x^2 + 1
x^2424 + x^14 + x^13 + x^10 + x^9 + x^7 + x^6 + x^5 + x^2 + x + 1
x^2428 + x^10 + x^7 + x^5 + x^3 + x^2 + 1
x^2430 + x^12 + x^10 + x^7 + x^6 + x^4 + 1
x^2436 + x^13 + x^11 + x^8 + x^7 + x^6 + x^5 + x^4 + x^3 + x + 1
x^2440 + x^8 + x^7 + x^5 + x^3 + x^2 + 1
x^2442 + x^12 + x^10 + x^9 + x^8 + x^2 + 1
x^2444 + x^10 + x^9 + x^6 + x^4 + x^3 + 1
x^2448 + x^14 + x^12 + x^9 + x^8 + x^7 + x^5 + x^4 + 1
x^2450 + x^4 + x^3 + x^2 + 1
x^2452 + x^14 + x^12 + x^11 + x^10 + x^9 + x^8 + x^7 + x^6 + x^4 + x^2 + x + 1
x^2454 + x^11 + x^7 + x^5 + x^2 + x + 1
x^2456 + x^11 + x^10 + x^9 + x^7 + x^6 + x^5 + x^2 + 1
x^2460 + x^12 + x^4 + x + 1
x^2466 + x^10 + x^9 + x^8 + x^6 + x^4 + x^2 + x + 1
x^2468 + x^14 + x^9 + x^8 + x^5 + x^4 + x^2 + x + 1
x^2470 + x^10 + x^9 + x^4 + 1
x^2472 + x^13 + x^8 + x^7 + x^6 + x^5 + x^4 + x^3 + x^2 + x + 1
x^2476 + x^11 + x^9 + x^4 + x^3 + x^2 + 1
x^2478 + x^9 + x^8 + x^2 + 1
x^2484 + x^14 + x^13 + x^11 + x^10 + x^9 + x^7 + x^6 + x^5 + x^2 + 1
x^2488 + x^12 + x^11 + x^7 + x^5 + x^4 + x^3 + x + 1
x^2490 + x^8 + x^7 + x^5 + 1
x^2492 + x^11 + x^10 + x^9 + x^5 + x^4 + x^2 + x + 1
x^2494 + x^12 + x^10 + x^7 + x^6 + x^5 + x^4 + x^3 + x^2 + x + 1
x^2496 + x^13 + x^11 + x^5 + 1
x^2500 + x^11 + x^9 + x^8 + x^7 + x^4 + x^3 + x + 1
x^2502 + x^9 + x^7 + x^6 + x^4 + x^3 + 1
x^2504 + x^8 + x^7 + x^6 + x^2 + x + 1
x^2508 + x^14 + x^10 + x^7 + x^6 + x^4 + x^2 + x + 1
x^2514 + x^6 + x^5 + x^3 + x^2 + x + 1
x^2516 + x^14 + x^12 + x^10 + x^9 + x^8 + x^5 + x^4 + x^3 + x + 1
x^2520 + x^13 + x^12 + x^10 + x^9 + x^8 + x^7 + x^6 + x^5 + x^3 + 1
x^2524 + x^12 + x^10 + x^7 + x^6 + x^3 + 1
x^2526 + x^13 + x^10 + x^5 + x^3 + x^2 + 1
x^2528 + x^7 + x^4 + x^3 + x^2 + x + 1
x^2532 + x^9 + x^6 + x^5 + x^4 + x^3 + x^2 + x + 1
x^2534 + x^11 + x^10 + x^5 + x^4 + x^3 + x^2 + x + 1
x^2536 + x^11 + x^10 + x^8 + x^7 + x^4 + x^3 + x^2 + 1
x^2538 + x^12 + x^10 + x^7 + x^6 + x^4 + x^2 + x + 1
x^2540 + x^13 + x^12 + x^9 + x^8 + x^6 + x^3 + x + 1
x^2544 + x^8 + x^6 + x^5 + x^4 + x + 1
x^2548 + x^13 + x^11 + x^8 + x^4 + x^3 + 1
x^2550 + x^7 + x^3 + x + 1
x^2556 + x^10 + x^7 + x^5 + x^3 + x^2 + 1
x^2558 + x^12 + x^10 + x^9 + x^7 + x^6 + x^5 + x^3 + 1
x^2560 + x^11 + x^10 + x^9 + x^8 + x^7 + x^5 + x^4 + 1
x^2562 + x^10 + x^9 + x^4 + x^3 + x^2 + 1
x^2564 + x^9 + x^4 + x + 1
x^2568 + x^13 + x^12 + x^10 + x^9 + x^7 + x^3 + x + 1
x^2572 + x^10 + x^9 + x^6 + x^4 + x^3 + x^2 + x + 1
x^2574 + x^5 + 1
x^2580 + x^11 + x^10 + x^8 + x^7 + x^6 + 1
x^2586 + x^8 + x^6 + x^5 + x^3 + x^2 + 1
x^2588 + x^12 + x^9 + x^8 + x^6 + x^5 + x^4 + x + 1
x^2590 + x^9 + x^5 + x + 1
x^2592 + x^14 + x^10 + x^7 + x^5 + x + 1
x^2596 + x^11 + x^10 + x^9 + x^8 + x^7 + x^6 + x^4 + x^3 + x^2 + 1
x^2598 + x^12 + x^10 + x^9 + x^7 + x^5 + 1
x^2604 + x^10 + x^8 + x^7 + x^6 + x^5 + x^4 + x^3 + 1
x^2620 + x^10 + x^9 + x^6 + x^3 + x + 1
x^2628 + x^13 + x^10 + x^9 + x^8 + x^7 + x^6 + x^4 + x^2 + x + 1
x^2640 + x^15 + x^14 + x^13 + x^12 + x^10 + x^9 + x^7 + x^6 + x^5 + x^3 + x + 1
x^2652 + x^13 + x^12 + x^11 + x^10 + x^9 + x^7 + x^6 + x^5 + x^3 + 1
x^2676 + x^9 + x^8 + x^6 + x^5 + x^4 + 1
x^2700 + x^11 + x^9 + x^8 + x^7 + x^6 + 1
x^2724 + x^10 + x^7 + x^5 + x^4 + x^2 + 1
x^2728 + x^9 + x^8 + x^7 + x^4 + x^3 + x^2 + x + 1
x^2740 + x^11 + x^10 + x^9 + x^2 + x + 1
x^2748 + x^8 + x^7 + x^5 + x^3 + x + 1
x^2772 + x^10 + x^9 + x^7 + x^5 + x^4 + x^2 + x + 1
x^2796 + x^14 + x^13 + x^11 + x^9 + x^8 + x^7 + x^6 + x^5 + x^4 + 1
x^2804 + x^12 + x^10 + x^6 + x^4 + x^3 + x^2 + x + 1
x^2812 + x^10 + x^9 + x^8 + x^6 + x^5 + x^4 + x + 1
x^2820 + x^13 + x^12 + x^10 + x^9 + x^8 + x^6 + x^4 + x^3 + x^2 + 1
x^2828 + x^9 + x^8 + x^7 + x^5 + x^4 + x^3 + x^2 + 1
x^2844 + x^12 + x^10 + x^9 + x^8 + x^7 + x^6 + x^4 + x^3 + x^2 + 1
x^2860 + x^11 + x^10 + x^7 + x^6 + x^5 + x^2 + x + 1
x^2868 + x^8 + x^6 + x^5 + x^3 + x + 1
x^2892 + x^13 + x^12 + x^10 + x^9 + x^4 + x^2 + x + 1
x^2900 + x^11 + x^10 + x^8 + x^7 + x^4 + x^3 + x + 1
x^2916 + x^13 + x^12 + x^11 + x^9 + x^8 + x^6 + x^3 + x^2 + x + 1
x^2940 + x^8 + x^6 + x^5 + x^3 + x^2 + 1
x^2964 + x^11 + x^8 + x^4 + x^3 + x + 1
x^2980 + x^12 + x^11 + x^10 + x^7 + x^4 + x^2 + x + 1
x^2988 + x^14 + x^12 + x^11 + x^9 + x^6 + x^4 + x^3 + x^2 + x + 1
x^3012 + x^13 + x^12 + x^8 + x^7 + x^5 + x^4 + x^3 + 1
x^3020 + x^9 + x^6 + x^3 + x^2 + x + 1
x^3036 + x^10 + x^9 + x^8 + x^6 + x^5 + 1
x^3060 + x^13 + x^12 + x^11 + x^8 + x^3 + 1
x^3076 + x^12 + x^10 + x^9 + x^8 + x^4 + x^3 + x + 1
x^3108 + x^13 + x^11 + x^10 + x^9 + x^7 + x^5 + x^3 + x^2 + x + 1
x^3156 + x^12 + x^11 + x^9 + x^8 + x^5 + x^3 + x^2 + 1
x^3180 + x^13 + x^10 + x^8 + x^2 + x + 1
x^3204 + x^10 + x^9 + x^6 + x^4 + x^2 + 1
x^3212 + x^12 + x^10 + x^8 + x^7 + x^5 + x^4 + x^3 + x^2 + x + 1
x^3217 + x^11 + x^10 + x^9 + x^8 + x^6 + x^5 + x^4 + x^3 + x^2 + 1
x^3228 + x^10 + x^9 + x^4 + 1
x^3276 + x^12 + x^9 + x^8 + x^7 + x^6 + x^5 + x^3 + 1
x^3300 + x^12 + x^10 + x^8 + x^7 + x^5 + x^4 + x^3 + x^2 + x + 1
x^3320 + x^14 + x^11 + x^8 + x^7 + x^5 + x^4 + x^3 + 1
x^3340 + x^11 + x^7 + x^5 + 1
x^3348 + x^12 + x^11 + x^9 + x^8 + x^7 + x^6 + x^4 + x^3 + x^2 + 1
x^3359 + x^13 + x^9 + x^8 + x^6 + x^5 + x^2 + x + 1
x^3420 + x^11 + x^9 + x^6 + x^5 + x^2 + 1
x^3444 + x^13 + x^11 + x^10 + x^8 + x^7 + x^6 + x^5 + x^4 + x^2 + 1
x^3468 + x^14 + x^12 + x^8 + x^7 + x^6 + x^4 + x^3 + 1
x^3481 + x^10 + x^9 + x^7 + x^5 + x^3 + x^2 + x + 1
x^3516 + x^13 + x^11 + x^8 + x^7 + x^6 + x^4 + x + 1
x^3532 + x^9 + x^7 + x^3 + 1
x^3540 + x^14 + x^12 + x^7 + x^2 + x + 1
x^3564 + x^10 + x^3 + x + 1
x^3588 + x^12 + x^8 + x^6 + x^5 + x^3 + 1
x^3604 + x^14 + x^11 + x^5 + x^3 + x^2 + 1
x^3612 + x^12 + x^10 + x^9 + x^8 + x^7 + x^5 + x^4 + x^2 + x + 1
x^3644 + x^13 + x^5 + x + 1
x^3660 + x^13 + x^8 + x^5 + x^3 + x + 1
x^3668 + x^7 + x^4 + x^3 + x^2 + x + 1
x^3708 + x^10 + x^4 + x + 1
x^3780 + x^11 + x^10 + x^9 + x^8 + x^7 + x^5 + x^2 + 1
x^3817 + x^10 + x^8 + x^7 + x^4 + x^3 + x^2 + x + 1
x^3860 + x^13 + x^11 + x^9 + x^6 + x^5 + x^3 + x + 1
x^3900 + x^12 + x^11 + x^7 + x^6 + x^5 + x^4 + x^3 + 1
x^3980 + x^13 + x^12 + x^11 + x^9 + x^7 + x^6 + x^5 + x^4 + x^2 + 1
x^4096 + x^11 + x^10 + x^7 + x^6 + x^5 + 1
x^4188 + x^13 + x^9 + x^8 + x^7 + x^5 + x^4 + x^3 + 1
x^4212 + x^12 + x^9 + x^8 + x^7 + x^6 + x^5 + x + 1
x^4253 + x^12 + x^10 + x^7 + x^5 + x^4 + 1
x^4308 + x^13 + x^6 + x^5 + x^4 + x^2 + 1
x^4423 + x^14 + x^12 + x^10 + x^9 + x^6 + x^5 + x + 1
x^4484 + x^13 + x^10 + x^9 + x^8 + x^6 + x^4 + x^3 + 1
x^4620 + x^14 + x^13 + x^11 + x^8 + x^7 + x^6 + x^5 + x^4 + x^3 + 1
x^4740 + x^12 + x^10 + x^8 + x^6 + x^5 + 1
x^5053 + x^12 + x^10 + x^9 + x^7 + x^5 + x^3 + x^2 + 1
x^5064 + x^15 + x^14 + x^11 + x^10 + x^6 + x^4 + x + 1
x^6120 + x^13 + x^12 + x^9 + x^6 + x^4 + x^3 + x + 1
x^8033 + x^12 + x^11 + x^8 + x^7 + x^5 + x^2 + x + 1
x^9689 + x^13 + x^11 + x^10 + x^8 + x^3 + x^2 + x + 1
x^9941 + x^9 + x^6 + x^5 + x^4 + x + 1
x^11213 + x^10 + x^9 + x^7 + x^5 + x^4 + x^2 + x + 1
x^19937 + x^13 + x^8 + x^7 + x^5 + x^2 + 1
elapsed time: 39711
